[CCAvenue] config {"CCAVENUE_ENV":"live","BACKEND_URL":"http://localhost:5000/api/v1","callbackUrls":{"redirectUrl":"http://localhost:5000/api/v1/public/ccavenue/callback","cancelUrl":"http://localhost:5000/api/v1/public/ccavenue/cancel"},"FRONTEND_URL":"dreammart://"}
walletTransfer loaded
🔥 reconcileRazorpayPayments loaded
reconcileRazorpayPayments loaded
expireCcavenuePayments loaded
🔥 [PACKAGE_BUY_CRON] file loaded at 2026-09-11T19:35:41.713Z
packageBuyCron loaded
[VIDEO_RETENTION_CRON] loaded at 2026-09-11T19:35:41.719Z
videoRetentionCron loaded
✅ MongoDB connected to: 127.0.0.1
📚 Swagger docs at http://localhost:PORT/api-docs
Server running on port 5000
cwd=C:\Users\vaibh_ew6j6\Saved Games\Hello\backend-fun-and-earn
Dream Mart admin wallet routes: PUT /shortvideo/admin/rechargeecartwallet|deductecartwallet
BACKEND_URL=http://localhost:5000/api/v1
CCAvenue callback=http://localhost:5000/api/v1/public/ccavenue/callback
CCAvenue cancel=http://localhost:5000/api/v1/public/ccavenue/cancel

⏰ [PACKAGE_BUY_CRON] RUN START {
  runId: 'PACKAGE_BUY_CRON_1789155360030',
  time: '2026-09-11T19:36:00.030Z'
}
📦 [PACKAGE_BUY_CRON] Orders fetched { runId: 'PACKAGE_BUY_CRON_1789155360030', count: 0 }
ℹ️ [PACKAGE_BUY_CRON] No unprocessed paid orders { runId: 'PACKAGE_BUY_CRON_1789155360030' }

⏰ [PACKAGE_BUY_CRON] RUN START {
  runId: 'PACKAGE_BUY_CRON_1789155720028',
  time: '2026-09-11T19:42:00.028Z'
}
📦 [PACKAGE_BUY_CRON] Orders fetched { runId: 'PACKAGE_BUY_CRON_1789155720028', count: 0 }
ℹ️ [PACKAGE_BUY_CRON] No unprocessed paid orders { runId: 'PACKAGE_BUY_CRON_1789155720028' }

⏰ [PACKAGE_BUY_CRON] RUN START {
  runId: 'PACKAGE_BUY_CRON_1789156080029',
  time: '2026-09-11T19:48:00.030Z'
}
📦 [PACKAGE_BUY_CRON] Orders fetched { runId: 'PACKAGE_BUY_CRON_1789156080029', count: 0 }
ℹ️ [PACKAGE_BUY_CRON] No unprocessed paid orders { runId: 'PACKAGE_BUY_CRON_1789156080029' }

⏰ [PACKAGE_BUY_CRON] RUN START {
  runId: 'PACKAGE_BUY_CRON_1789156440024',
  time: '2026-09-11T19:54:00.024Z'
}
📦 [PACKAGE_BUY_CRON] Orders fetched { runId: 'PACKAGE_BUY_CRON_1789156440024', count: 0 }
ℹ️ [PACKAGE_BUY_CRON] No unprocessed paid orders { runId: 'PACKAGE_BUY_CRON_1789156440024' }

⏰ [PACKAGE_BUY_CRON] RUN START {
  runId: 'PACKAGE_BUY_CRON_1789156800068',
  time: '2026-09-11T20:00:00.068Z'
}
📦 [PACKAGE_BUY_CRON] Orders fetched { runId: 'PACKAGE_BUY_CRON_1789156800068', count: 0 }
ℹ️ [PACKAGE_BUY_CRON] No unprocessed paid orders { runId: 'PACKAGE_BUY_CRON_1789156800068' }

⏰ [PACKAGE_BUY_CRON] RUN START {
  runId: 'PACKAGE_BUY_CRON_1789157160054',
  time: '2026-09-11T20:06:00.054Z'
}
📦 [PACKAGE_BUY_CRON] Orders fetched { runId: 'PACKAGE_BUY_CRON_1789157160054', count: 0 }
ℹ️ [PACKAGE_BUY_CRON] No unprocessed paid orders { runId: 'PACKAGE_BUY_CRON_1789157160054' }

⏰ [PACKAGE_BUY_CRON] RUN START {
  runId: 'PACKAGE_BUY_CRON_1789157520019',
  time: '2026-09-11T20:12:00.019Z'
}
📦 [PACKAGE_BUY_CRON] Orders fetched { runId: 'PACKAGE_BUY_CRON_1789157520019', count: 0 }
ℹ️ [PACKAGE_BUY_CRON] No unprocessed paid orders { runId: 'PACKAGE_BUY_CRON_1789157520019' }

⏰ [PACKAGE_BUY_CRON] RUN START {
  runId: 'PACKAGE_BUY_CRON_1789157880037',
  time: '2026-09-11T20:18:00.037Z'
}
📦 [PACKAGE_BUY_CRON] Orders fetched { runId: 'PACKAGE_BUY_CRON_1789157880037', count: 0 }
ℹ️ [PACKAGE_BUY_CRON] No unprocessed paid orders { runId: 'PACKAGE_BUY_CRON_1789157880037' }

⏰ [PACKAGE_BUY_CRON] RUN START {
  runId: 'PACKAGE_BUY_CRON_1789158240034',
  time: '2026-09-11T20:24:00.034Z'
}
📦 [PACKAGE_BUY_CRON] Orders fetched { runId: 'PACKAGE_BUY_CRON_1789158240034', count: 0 }
ℹ️ [PACKAGE_BUY_CRON] No unprocessed paid orders { runId: 'PACKAGE_BUY_CRON_1789158240034' }
[VIDEO_RETENTION_CRON] scheduled run { runId: 'VIDEO_RETENTION_CRON_1789158600021' }

⏰ [PACKAGE_BUY_CRON] RUN START {
  runId: 'PACKAGE_BUY_CRON_1789158600030',
  time: '2026-09-11T20:30:00.030Z'
}
📦 [PACKAGE_BUY_CRON] Orders fetched { runId: 'PACKAGE_BUY_CRON_1789158600030', count: 0 }
ℹ️ [PACKAGE_BUY_CRON] No unprocessed paid orders { runId: 'PACKAGE_BUY_CRON_1789158600030' }
[videoRetention] RUN START {
  runId: 'VIDEO_RETENTION_1789158600023',
  selected: 0,
  maxPlatformVideos: 200
}
[videoRetention] RUN END {
  runId: 'VIDEO_RETENTION_1789158600023',
  processed: 0,
  succeeded: 0,
  activeRemaining: 0
}

⏰ [PACKAGE_BUY_CRON] RUN START {
  runId: 'PACKAGE_BUY_CRON_1789158960029',
  time: '2026-09-11T20:36:00.029Z'
}
📦 [PACKAGE_BUY_CRON] Orders fetched { runId: 'PACKAGE_BUY_CRON_1789158960029', count: 0 }
ℹ️ [PACKAGE_BUY_CRON] No unprocessed paid orders { runId: 'PACKAGE_BUY_CRON_1789158960029' }

⏰ [PACKAGE_BUY_CRON] RUN START {
  runId: 'PACKAGE_BUY_CRON_1789159320022',
  time: '2026-09-11T20:42:00.022Z'
}
📦 [PACKAGE_BUY_CRON] Orders fetched { runId: 'PACKAGE_BUY_CRON_1789159320022', count: 0 }
ℹ️ [PACKAGE_BUY_CRON] No unprocessed paid orders { runId: 'PACKAGE_BUY_CRON_1789159320022' }
[2026-09-11T21:00:05.699Z] [PID: 35084] [32m[NODE-CRON][32m [33m[WARN][0m missed execution at Sat Sep 12 2026 02:15:00 GMT+0530 (India Standard Time)! Possible blocking IO or high CPU user at the same process used by node-cron.
[2026-09-11T21:00:05.919Z] [PID: 35084] [32m[NODE-CRON][32m [33m[WARN][0m missed execution at Sat Sep 12 2026 02:20:00 GMT+0530 (India Standard Time)! Possible blocking IO or high CPU user at the same process used by node-cron.
[2026-09-11T21:00:06.035Z] [PID: 35084] [32m[NODE-CRON][32m [33m[WARN][0m missed execution at Sat Sep 12 2026 02:25:00 GMT+0530 (India Standard Time)! Possible blocking IO or high CPU user at the same process used by node-cron.
[2026-09-11T21:00:06.154Z] [PID: 35084] [32m[NODE-CRON][32m [33m[WARN][0m missed execution at Sat Sep 12 2026 02:30:00 GMT+0530 (India Standard Time)! Possible blocking IO or high CPU user at the same process used by node-cron.
[2026-09-11T21:00:06.449Z] [PID: 35084] [32m[NODE-CRON][32m [33m[WARN][0m missed execution at Sat Sep 12 2026 02:18:00 GMT+0530 (India Standard Time)! Possible blocking IO or high CPU user at the same process used by node-cron.
[2026-09-11T21:00:06.564Z] [PID: 35084] [32m[NODE-CRON][32m [33m[WARN][0m missed execution at Sat Sep 12 2026 02:24:00 GMT+0530 (India Standard Time)! Possible blocking IO or high CPU user at the same process used by node-cron.
[2026-09-11T21:00:06.676Z] [PID: 35084] [32m[NODE-CRON][32m [33m[WARN][0m missed execution at Sat Sep 12 2026 02:30:00 GMT+0530 (India Standard Time)! Possible blocking IO or high CPU user at the same process used by node-cron.
[2026-09-11T21:00:06.917Z] [PID: 35084] [32m[NODE-CRON][32m [33m[WARN][0m missed execution at Sat Sep 12 2026 02:20:00 GMT+0530 (India Standard Time)! Possible blocking IO or high CPU user at the same process used by node-cron.
[2026-09-11T21:00:07.077Z] [PID: 35084] [32m[NODE-CRON][32m [33m[WARN][0m missed execution at Sat Sep 12 2026 02:30:00 GMT+0530 (India Standard Time)! Possible blocking IO or high CPU user at the same process used by node-cron.
[2026-09-12T01:11:05.527Z] [PID: 35084] [32m[NODE-CRON][32m [33m[WARN][0m missed execution at Sat Sep 12 2026 02:35:00 GMT+0530 (India Standard Time)! Possible blocking IO or high CPU user at the same process used by node-cron.
[2026-09-12T01:11:05.713Z] [PID: 35084] [32m[NODE-CRON][32m [33m[WARN][0m missed execution at Sat Sep 12 2026 02:40:00 GMT+0530 (India Standard Time)! Possible blocking IO or high CPU user at the same process used by node-cron.
[2026-09-12T01:11:05.775Z] [PID: 35084] [32m[NODE-CRON][32m [33m[WARN][0m missed execution at Sat Sep 12 2026 02:45:00 GMT+0530 (India Standard Time)! Possible blocking IO or high CPU user at the same process used by node-cron.
[2026-09-12T01:11:05.853Z] [PID: 35084] [32m[NODE-CRON][32m [33m[WARN][0m missed execution at Sat Sep 12 2026 02:50:00 GMT+0530 (India Standard Time)! Possible blocking IO or high CPU user at the same process used by node-cron.
[2026-09-12T01:11:05.919Z] [PID: 35084] [32m[NODE-CRON][32m [33m[WARN][0m missed execution at Sat Sep 12 2026 02:55:00 GMT+0530 (India Standard Time)! Possible blocking IO or high CPU user at the same process used by node-cron.
[2026-09-12T01:11:05.946Z] [PID: 35084] [32m[NODE-CRON][32m [33m[WARN][0m missed execution at Sat Sep 12 2026 03:00:00 GMT+0530 (India Standard Time)! Possible blocking IO or high CPU user at the same process used by node-cron.
[2026-09-12T01:11:05.979Z] [PID: 35084] [32m[NODE-CRON][32m [33m[WARN][0m missed execution at Sat Sep 12 2026 03:05:00 GMT+0530 (India Standard Time)! Possible blocking IO or high CPU user at the same process used by node-cron.
[2026-09-12T01:11:05.982Z] [PID: 35084] [32m[NODE-CRON][32m [33m[WARN][0m missed execution at Sat Sep 12 2026 03:10:00 GMT+0530 (India Standard Time)! Possible blocking IO or high CPU user at the same process used by node-cron.
[2026-09-12T01:11:06.012Z] [PID: 35084] [32m[NODE-CRON][32m [33m[WARN][0m missed execution at Sat Sep 12 2026 03:15:00 GMT+0530 (India Standard Time)! Possible blocking IO or high CPU user at the same process used by node-cron.
[2026-09-12T01:11:06.061Z] [PID: 35084] [32m[NODE-CRON][32m [33m[WARN][0m missed execution at Sat Sep 12 2026 03:20:00 GMT+0530 (India Standard Time)! Possible blocking IO or high CPU user at the same process used by node-cron.
[2026-09-12T01:11:06.104Z] [PID: 35084] [32m[NODE-CRON][32m [33m[WARN][0m missed execution at Sat Sep 12 2026 03:25:00 GMT+0530 (India Standard Time)! Possible blocking IO or high CPU user at the same process used by node-cron.
[2026-09-12T01:11:06.145Z] [PID: 35084] [32m[NODE-CRON][32m [33m[WARN][0m missed execution at Sat Sep 12 2026 03:30:00 GMT+0530 (India Standard Time)! Possible blocking IO or high CPU user at the same process used by node-cron.
[2026-09-12T01:11:06.166Z] [PID: 35084] [32m[NODE-CRON][32m [33m[WARN][0m missed execution at Sat Sep 12 2026 03:35:00 GMT+0530 (India Standard Time)! Possible blocking IO or high CPU user at the same process used by node-cron.
[2026-09-12T01:11:06.223Z] [PID: 35084] [32m[NODE-CRON][32m [33m[WARN][0m missed execution at Sat Sep 12 2026 03:40:00 GMT+0530 (India Standard Time)! Possible blocking IO or high CPU user at the same process used by node-cron.
[2026-09-12T01:11:06.269Z] [PID: 35084] [32m[NODE-CRON][32m [33m[WARN][0m missed execution at Sat Sep 12 2026 03:45:00 GMT+0530 (India Standard Time)! Possible blocking IO or high CPU user at the same process used by node-cron.
[2026-09-12T01:11:06.494Z] [PID: 35084] [32m[NODE-CRON][32m [33m[WARN][0m missed execution at Sat Sep 12 2026 03:50:00 GMT+0530 (India Standard Time)! Possible blocking IO or high CPU user at the same process used by node-cron.
[2026-09-12T01:11:06.524Z] [PID: 35084] [32m[NODE-CRON][32m [33m[WARN][0m missed execution at Sat Sep 12 2026 03:55:00 GMT+0530 (India Standard Time)! Possible blocking IO or high CPU user at the same process used by node-cron.
[2026-09-12T01:11:06.696Z] [PID: 35084] [32m[NODE-CRON][32m [33m[WARN][0m missed execution at Sat Sep 12 2026 04:00:00 GMT+0530 (India Standard Time)! Possible blocking IO or high CPU user at the same process used by node-cron.
[2026-09-12T01:11:06.820Z] [PID: 35084] [32m[NODE-CRON][32m [33m[WARN][0m missed execution at Sat Sep 12 2026 04:05:00 GMT+0530 (India Standard Time)! Possible blocking IO or high CPU user at the same process used by node-cron.
[2026-09-12T01:11:06.869Z] [PID: 35084] [32m[NODE-CRON][32m [33m[WARN][0m missed execution at Sat Sep 12 2026 04:10:00 GMT+0530 (India Standard Time)! Possible blocking IO or high CPU user at the same process used by node-cron.
[2026-09-12T01:11:07.039Z] [PID: 35084] [32m[NODE-CRON][32m [33m[WARN][0m missed execution at Sat Sep 12 2026 04:15:00 GMT+0530 (India Standard Time)! Possible blocking IO or high CPU user at the same process used by node-cron.
[2026-09-12T01:11:07.094Z] [PID: 35084] [32m[NODE-CRON][32m [33m[WARN][0m missed execution at Sat Sep 12 2026 04:20:00 GMT+0530 (India Standard Time)! Possible blocking IO or high CPU user at the same process used by node-cron.
[2026-09-12T01:11:07.202Z] [PID: 35084] [32m[NODE-CRON][32m [33m[WARN][0m missed execution at Sat Sep 12 2026 04:25:00 GMT+0530 (India Standard Time)! Possible blocking IO or high CPU user at the same process used by node-cron.
[2026-09-12T01:11:07.310Z] [PID: 35084] [32m[NODE-CRON][32m [33m[WARN][0m missed execution at Sat Sep 12 2026 04:30:00 GMT+0530 (India Standard Time)! Possible blocking IO or high CPU user at the same process used by node-cron.
[2026-09-12T01:11:07.400Z] [PID: 35084] [32m[NODE-CRON][32m [33m[WARN][0m missed execution at Sat Sep 12 2026 04:35:00 GMT+0530 (India Standard Time)! Possible blocking IO or high CPU user at the same process used by node-cron.
[2026-09-12T01:11:07.459Z] [PID: 35084] [32m[NODE-CRON][32m [33m[WARN][0m missed execution at Sat Sep 12 2026 04:40:00 GMT+0530 (India Standard Time)! Possible blocking IO or high CPU user at the same process used by node-cron.
[2026-09-12T01:11:07.556Z] [PID: 35084] [32m[NODE-CRON][32m [33m[WARN][0m missed execution at Sat Sep 12 2026 04:45:00 GMT+0530 (India Standard Time)! Possible blocking IO or high CPU user at the same process used by node-cron.
[2026-09-12T01:11:07.613Z] [PID: 35084] [32m[NODE-CRON][32m [33m[WARN][0m missed execution at Sat Sep 12 2026 04:50:00 GMT+0530 (India Standard Time)! Possible blocking IO or high CPU user at the same process used by node-cron.
[2026-09-12T01:11:07.698Z] [PID: 35084] [32m[NODE-CRON][32m [33m[WARN][0m missed execution at Sat Sep 12 2026 04:55:00 GMT+0530 (India Standard Time)! Possible blocking IO or high CPU user at the same process used by node-cron.
[2026-09-12T01:11:07.823Z] [PID: 35084] [32m[NODE-CRON][32m [33m[WARN][0m missed execution at Sat Sep 12 2026 05:00:00 GMT+0530 (India Standard Time)! Possible blocking IO or high CPU user at the same process used by node-cron.
[2026-09-12T01:11:07.897Z] [PID: 35084] [32m[NODE-CRON][32m [33m[WARN][0m missed execution at Sat Sep 12 2026 05:05:00 GMT+0530 (India Standard Time)! Possible blocking IO or high CPU user at the same process used by node-cron.
[2026-09-12T01:11:07.945Z] [PID: 35084] [32m[NODE-CRON][32m [33m[WARN][0m missed execution at Sat Sep 12 2026 05:10:00 GMT+0530 (India Standard Time)! Possible blocking IO or high CPU user at the same process used by node-cron.
[2026-09-12T01:11:07.989Z] [PID: 35084] [32m[NODE-CRON][32m [33m[WARN][0m missed execution at Sat Sep 12 2026 05:15:00 GMT+0530 (India Standard Time)! Possible blocking IO or high CPU user at the same process used by node-cron.
[2026-09-12T01:11:08.077Z] [PID: 35084] [32m[NODE-CRON][32m [33m[WARN][0m missed execution at Sat Sep 12 2026 05:20:00 GMT+0530 (India Standard Time)! Possible blocking IO or high CPU user at the same process used by node-cron.
[2026-09-12T01:11:08.168Z] [PID: 35084] [32m[NODE-CRON][32m [33m[WARN][0m missed execution at Sat Sep 12 2026 05:25:00 GMT+0530 (India Standard Time)! Possible blocking IO or high CPU user at the same process used by node-cron.
[2026-09-12T01:11:08.328Z] [PID: 35084] [32m[NODE-CRON][32m [33m[WARN][0m missed execution at Sat Sep 12 2026 05:30:00 GMT+0530 (India Standard Time)! Possible blocking IO or high CPU user at the same process used by node-cron.
[2026-09-12T01:11:08.374Z] [PID: 35084] [32m[NODE-CRON][32m [33m[WARN][0m missed execution at Sat Sep 12 2026 05:35:00 GMT+0530 (India Standard Time)! Possible blocking IO or high CPU user at the same process used by node-cron.
[2026-09-12T01:11:08.419Z] [PID: 35084] [32m[NODE-CRON][32m [33m[WARN][0m missed execution at Sat Sep 12 2026 05:40:00 GMT+0530 (India Standard Time)! Possible blocking IO or high CPU user at the same process used by node-cron.
[2026-09-12T01:11:08.787Z] [PID: 35084] [32m[NODE-CRON][32m [33m[WARN][0m missed execution at Sat Sep 12 2026 05:45:00 GMT+0530 (India Standard Time)! Possible blocking IO or high CPU user at the same process used by node-cron.
[2026-09-12T01:11:08.846Z] [PID: 35084] [32m[NODE-CRON][32m [33m[WARN][0m missed execution at Sat Sep 12 2026 05:50:00 GMT+0530 (India Standard Time)! Possible blocking IO or high CPU user at the same process used by node-cron.
[2026-09-12T01:11:08.901Z] [PID: 35084] [32m[NODE-CRON][32m [33m[WARN][0m missed execution at Sat Sep 12 2026 05:55:00 GMT+0530 (India Standard Time)! Possible blocking IO or high CPU user at the same process used by node-cron.
[2026-09-12T01:11:08.926Z] [PID: 35084] [32m[NODE-CRON][32m [33m[WARN][0m missed execution at Sat Sep 12 2026 06:00:00 GMT+0530 (India Standard Time)! Possible blocking IO or high CPU user at the same process used by node-cron.
[2026-09-12T01:11:08.990Z] [PID: 35084] [32m[NODE-CRON][32m [33m[WARN][0m missed execution at Sat Sep 12 2026 06:05:00 GMT+0530 (India Standard Time)! Possible blocking IO or high CPU user at the same process used by node-cron.
[2026-09-12T01:11:09.026Z] [PID: 35084] [32m[NODE-CRON][32m [33m[WARN][0m missed execution at Sat Sep 12 2026 06:10:00 GMT+0530 (India Standard Time)! Possible blocking IO or high CPU user at the same process used by node-cron.
[2026-09-12T01:11:09.062Z] [PID: 35084] [32m[NODE-CRON][32m [33m[WARN][0m missed execution at Sat Sep 12 2026 06:15:00 GMT+0530 (India Standard Time)! Possible blocking IO or high CPU user at the same process used by node-cron.
[2026-09-12T01:11:09.125Z] [PID: 35084] [32m[NODE-CRON][32m [33m[WARN][0m missed execution at Sat Sep 12 2026 06:20:00 GMT+0530 (India Standard Time)! Possible blocking IO or high CPU user at the same process used by node-cron.
[2026-09-12T01:11:09.177Z] [PID: 35084] [32m[NODE-CRON][32m [33m[WARN][0m missed execution at Sat Sep 12 2026 06:25:00 GMT+0530 (India Standard Time)! Possible blocking IO or high CPU user at the same process used by node-cron.
[2026-09-12T01:11:09.279Z] [PID: 35084] [32m[NODE-CRON][32m [33m[WARN][0m missed execution at Sat Sep 12 2026 06:30:00 GMT+0530 (India Standard Time)! Possible blocking IO or high CPU user at the same process used by node-cron.
[2026-09-12T01:11:09.350Z] [PID: 35084] [32m[NODE-CRON][32m [33m[WARN][0m missed execution at Sat Sep 12 2026 06:35:00 GMT+0530 (India Standard Time)! Possible blocking IO or high CPU user at the same process used by node-cron.
[2026-09-12T01:11:09.398Z] [PID: 35084] [32m[NODE-CRON][32m [33m[WARN][0m missed execution at Sat Sep 12 2026 06:40:00 GMT+0530 (India Standard Time)! Possible blocking IO or high CPU user at the same process used by node-cron.
[2026-09-12T01:11:09.569Z] [PID: 35084] [32m[NODE-CRON][32m [33m[WARN][0m missed execution at Sat Sep 12 2026 02:36:00 GMT+0530 (India Standard Time)! Possible blocking IO or high CPU user at the same process used by node-cron.
[2026-09-12T01:11:09.638Z] [PID: 35084] [32m[NODE-CRON][32m [33m[WARN][0m missed execution at Sat Sep 12 2026 02:42:00 GMT+0530 (India Standard Time)! Possible blocking IO or high CPU user at the same process used by node-cron.
[2026-09-12T01:11:09.688Z] [PID: 35084] [32m[NODE-CRON][32m [33m[WARN][0m missed execution at Sat Sep 12 2026 02:48:00 GMT+0530 (India Standard Time)! Possible blocking IO or high CPU user at the same process used by node-cron.
[2026-09-12T01:11:09.749Z] [PID: 35084] [32m[NODE-CRON][32m [33m[WARN][0m missed execution at Sat Sep 12 2026 02:54:00 GMT+0530 (India Standard Time)! Possible blocking IO or high CPU user at the same process used by node-cron.
[2026-09-12T01:11:09.901Z] [PID: 35084] [32m[NODE-CRON][32m [33m[WARN][0m missed execution at Sat Sep 12 2026 03:00:00 GMT+0530 (India Standard Time)! Possible blocking IO or high CPU user at the same process used by node-cron.
[2026-09-12T01:11:09.903Z] [PID: 35084] [32m[NODE-CRON][32m [33m[WARN][0m missed execution at Sat Sep 12 2026 03:06:00 GMT+0530 (India Standard Time)! Possible blocking IO or high CPU user at the same process used by node-cron.
[2026-09-12T01:11:09.952Z] [PID: 35084] [32m[NODE-CRON][32m [33m[WARN][0m missed execution at Sat Sep 12 2026 03:12:00 GMT+0530 (India Standard Time)! Possible blocking IO or high CPU user at the same process used by node-cron.
[2026-09-12T01:11:10.061Z] [PID: 35084] [32m[NODE-CRON][32m [33m[WARN][0m missed execution at Sat Sep 12 2026 03:18:00 GMT+0530 (India Standard Time)! Possible blocking IO or high CPU user at the same process used by node-cron.
[2026-09-12T01:11:10.110Z] [PID: 35084] [32m[NODE-CRON][32m [33m[WARN][0m missed execution at Sat Sep 12 2026 03:24:00 GMT+0530 (India Standard Time)! Possible blocking IO or high CPU user at the same process used by node-cron.
[2026-09-12T01:11:10.135Z] [PID: 35084] [32m[NODE-CRON][32m [33m[WARN][0m missed execution at Sat Sep 12 2026 03:30:00 GMT+0530 (India Standard Time)! Possible blocking IO or high CPU user at the same process used by node-cron.
[2026-09-12T01:11:10.187Z] [PID: 35084] [32m[NODE-CRON][32m [33m[WARN][0m missed execution at Sat Sep 12 2026 03:36:00 GMT+0530 (India Standard Time)! Possible blocking IO or high CPU user at the same process used by node-cron.
[2026-09-12T01:11:10.240Z] [PID: 35084] [32m[NODE-CRON][32m [33m[WARN][0m missed execution at Sat Sep 12 2026 03:42:00 GMT+0530 (India Standard Time)! Possible blocking IO or high CPU user at the same process used by node-cron.
[2026-09-12T01:11:10.275Z] [PID: 35084] [32m[NODE-CRON][32m [33m[WARN][0m missed execution at Sat Sep 12 2026 03:48:00 GMT+0530 (India Standard Time)! Possible blocking IO or high CPU user at the same process used by node-cron.
[2026-09-12T01:11:10.313Z] [PID: 35084] [32m[NODE-CRON][32m [33m[WARN][0m missed execution at Sat Sep 12 2026 03:54:00 GMT+0530 (India Standard Time)! Possible blocking IO or high CPU user at the same process used by node-cron.
[2026-09-12T01:11:10.336Z] [PID: 35084] [32m[NODE-CRON][32m [33m[WARN][0m missed execution at Sat Sep 12 2026 04:00:00 GMT+0530 (India Standard Time)! Possible blocking IO or high CPU user at the same process used by node-cron.
[2026-09-12T01:11:10.358Z] [PID: 35084] [32m[NODE-CRON][32m [33m[WARN][0m missed execution at Sat Sep 12 2026 04:06:00 GMT+0530 (India Standard Time)! Possible blocking IO or high CPU user at the same process used by node-cron.
[2026-09-12T01:11:10.410Z] [PID: 35084] [32m[NODE-CRON][32m [33m[WARN][0m missed execution at Sat Sep 12 2026 04:12:00 GMT+0530 (India Standard Time)! Possible blocking IO or high CPU user at the same process used by node-cron.
[2026-09-12T01:11:10.441Z] [PID: 35084] [32m[NODE-CRON][32m [33m[WARN][0m missed execution at Sat Sep 12 2026 04:18:00 GMT+0530 (India Standard Time)! Possible blocking IO or high CPU user at the same process used by node-cron.
[2026-09-12T01:11:10.511Z] [PID: 35084] [32m[NODE-CRON][32m [33m[WARN][0m missed execution at Sat Sep 12 2026 04:24:00 GMT+0530 (India Standard Time)! Possible blocking IO or high CPU user at the same process used by node-cron.
[2026-09-12T01:11:10.545Z] [PID: 35084] [32m[NODE-CRON][32m [33m[WARN][0m missed execution at Sat Sep 12 2026 04:30:00 GMT+0530 (India Standard Time)! Possible blocking IO or high CPU user at the same process used by node-cron.
[2026-09-12T01:11:10.596Z] [PID: 35084] [32m[NODE-CRON][32m [33m[WARN][0m missed execution at Sat Sep 12 2026 04:36:00 GMT+0530 (India Standard Time)! Possible blocking IO or high CPU user at the same process used by node-cron.
[2026-09-12T01:11:10.666Z] [PID: 35084] [32m[NODE-CRON][32m [33m[WARN][0m missed execution at Sat Sep 12 2026 04:42:00 GMT+0530 (India Standard Time)! Possible blocking IO or high CPU user at the same process used by node-cron.
[2026-09-12T01:11:10.709Z] [PID: 35084] [32m[NODE-CRON][32m [33m[WARN][0m missed execution at Sat Sep 12 2026 04:48:00 GMT+0530 (India Standard Time)! Possible blocking IO or high CPU user at the same process used by node-cron.
[2026-09-12T01:11:10.744Z] [PID: 35084] [32m[NODE-CRON][32m [33m[WARN][0m missed execution at Sat Sep 12 2026 04:54:00 GMT+0530 (India Standard Time)! Possible blocking IO or high CPU user at the same process used by node-cron.
[2026-09-12T01:11:10.775Z] [PID: 35084] [32m[NODE-CRON][32m [33m[WARN][0m missed execution at Sat Sep 12 2026 05:00:00 GMT+0530 (India Standard Time)! Possible blocking IO or high CPU user at the same process used by node-cron.
[2026-09-12T01:11:10.809Z] [PID: 35084] [32m[NODE-CRON][32m [33m[WARN][0m missed execution at Sat Sep 12 2026 05:06:00 GMT+0530 (India Standard Time)! Possible blocking IO or high CPU user at the same process used by node-cron.
[2026-09-12T01:11:10.825Z] [PID: 35084] [32m[NODE-CRON][32m [33m[WARN][0m missed execution at Sat Sep 12 2026 05:12:00 GMT+0530 (India Standard Time)! Possible blocking IO or high CPU user at the same process used by node-cron.
[2026-09-12T01:11:10.885Z] [PID: 35084] [32m[NODE-CRON][32m [33m[WARN][0m missed execution at Sat Sep 12 2026 05:18:00 GMT+0530 (India Standard Time)! Possible blocking IO or high CPU user at the same process used by node-cron.
[2026-09-12T01:11:10.908Z] [PID: 35084] [32m[NODE-CRON][32m [33m[WARN][0m missed execution at Sat Sep 12 2026 05:24:00 GMT+0530 (India Standard Time)! Possible blocking IO or high CPU user at the same process used by node-cron.
[2026-09-12T01:11:10.941Z] [PID: 35084] [32m[NODE-CRON][32m [33m[WARN][0m missed execution at Sat Sep 12 2026 05:30:00 GMT+0530 (India Standard Time)! Possible blocking IO or high CPU user at the same process used by node-cron.
[2026-09-12T01:11:10.971Z] [PID: 35084] [32m[NODE-CRON][32m [33m[WARN][0m missed execution at Sat Sep 12 2026 05:36:00 GMT+0530 (India Standard Time)! Possible blocking IO or high CPU user at the same process used by node-cron.
[2026-09-12T01:11:10.987Z] [PID: 35084] [32m[NODE-CRON][32m [33m[WARN][0m missed execution at Sat Sep 12 2026 05:42:00 GMT+0530 (India Standard Time)! Possible blocking IO or high CPU user at the same process used by node-cron.
[2026-09-12T01:11:11.003Z] [PID: 35084] [32m[NODE-CRON][32m [33m[WARN][0m missed execution at Sat Sep 12 2026 05:48:00 GMT+0530 (India Standard Time)! Possible blocking IO or high CPU user at the same process used by node-cron.
[2026-09-12T01:11:11.020Z] [PID: 35084] [32m[NODE-CRON][32m [33m[WARN][0m missed execution at Sat Sep 12 2026 05:54:00 GMT+0530 (India Standard Time)! Possible blocking IO or high CPU user at the same process used by node-cron.
[2026-09-12T01:11:11.056Z] [PID: 35084] [32m[NODE-CRON][32m [33m[WARN][0m missed execution at Sat Sep 12 2026 06:00:00 GMT+0530 (India Standard Time)! Possible blocking IO or high CPU user at the same process used by node-cron.
[2026-09-12T01:11:11.073Z] [PID: 35084] [32m[NODE-CRON][32m [33m[WARN][0m missed execution at Sat Sep 12 2026 06:06:00 GMT+0530 (India Standard Time)! Possible blocking IO or high CPU user at the same process used by node-cron.
[2026-09-12T01:11:11.102Z] [PID: 35084] [32m[NODE-CRON][32m [33m[WARN][0m missed execution at Sat Sep 12 2026 06:12:00 GMT+0530 (India Standard Time)! Possible blocking IO or high CPU user at the same process used by node-cron.
[2026-09-12T01:11:11.138Z] [PID: 35084] [32m[NODE-CRON][32m [33m[WARN][0m missed execution at Sat Sep 12 2026 06:18:00 GMT+0530 (India Standard Time)! Possible blocking IO or high CPU user at the same process used by node-cron.
[2026-09-12T01:11:11.167Z] [PID: 35084] [32m[NODE-CRON][32m [33m[WARN][0m missed execution at Sat Sep 12 2026 06:24:00 GMT+0530 (India Standard Time)! Possible blocking IO or high CPU user at the same process used by node-cron.
[2026-09-12T01:11:11.194Z] [PID: 35084] [32m[NODE-CRON][32m [33m[WARN][0m missed execution at Sat Sep 12 2026 06:30:00 GMT+0530 (India Standard Time)! Possible blocking IO or high CPU user at the same process used by node-cron.
[2026-09-12T01:11:11.226Z] [PID: 35084] [32m[NODE-CRON][32m [33m[WARN][0m missed execution at Sat Sep 12 2026 06:36:00 GMT+0530 (India Standard Time)! Possible blocking IO or high CPU user at the same process used by node-cron.
[2026-09-12T01:11:11.296Z] [PID: 35084] [32m[NODE-CRON][32m [33m[WARN][0m missed execution at Sat Sep 12 2026 02:40:00 GMT+0530 (India Standard Time)! Possible blocking IO or high CPU user at the same process used by node-cron.
[2026-09-12T01:11:11.299Z] [PID: 35084] [32m[NODE-CRON][32m [33m[WARN][0m missed execution at Sat Sep 12 2026 02:50:00 GMT+0530 (India Standard Time)! Possible blocking IO or high CPU user at the same process used by node-cron.
[2026-09-12T01:11:11.309Z] [PID: 35084] [32m[NODE-CRON][32m [33m[WARN][0m missed execution at Sat Sep 12 2026 03:00:00 GMT+0530 (India Standard Time)! Possible blocking IO or high CPU user at the same process used by node-cron.
[2026-09-12T01:11:11.322Z] [PID: 35084] [32m[NODE-CRON][32m [33m[WARN][0m missed execution at Sat Sep 12 2026 03:10:00 GMT+0530 (India Standard Time)! Possible blocking IO or high CPU user at the same process used by node-cron.
[2026-09-12T01:11:11.345Z] [PID: 35084] [32m[NODE-CRON][32m [33m[WARN][0m missed execution at Sat Sep 12 2026 03:20:00 GMT+0530 (India Standard Time)! Possible blocking IO or high CPU user at the same process used by node-cron.
[2026-09-12T01:11:11.388Z] [PID: 35084] [32m[NODE-CRON][32m [33m[WARN][0m missed execution at Sat Sep 12 2026 03:30:00 GMT+0530 (India Standard Time)! Possible blocking IO or high CPU user at the same process used by node-cron.
[2026-09-12T01:11:11.399Z] [PID: 35084] [32m[NODE-CRON][32m [33m[WARN][0m missed execution at Sat Sep 12 2026 03:40:00 GMT+0530 (India Standard Time)! Possible blocking IO or high CPU user at the same process used by node-cron.
[2026-09-12T01:11:11.407Z] [PID: 35084] [32m[NODE-CRON][32m [33m[WARN][0m missed execution at Sat Sep 12 2026 03:50:00 GMT+0530 (India Standard Time)! Possible blocking IO or high CPU user at the same process used by node-cron.
[2026-09-12T01:11:11.428Z] [PID: 35084] [32m[NODE-CRON][32m [33m[WARN][0m missed execution at Sat Sep 12 2026 04:00:00 GMT+0530 (India Standard Time)! Possible blocking IO or high CPU user at the same process used by node-cron.
[2026-09-12T01:11:11.440Z] [PID: 35084] [32m[NODE-CRON][32m [33m[WARN][0m missed execution at Sat Sep 12 2026 04:10:00 GMT+0530 (India Standard Time)! Possible blocking IO or high CPU user at the same process used by node-cron.
[2026-09-12T01:11:11.454Z] [PID: 35084] [32m[NODE-CRON][32m [33m[WARN][0m missed execution at Sat Sep 12 2026 04:20:00 GMT+0530 (India Standard Time)! Possible blocking IO or high CPU user at the same process used by node-cron.
[2026-09-12T01:11:11.483Z] [PID: 35084] [32m[NODE-CRON][32m [33m[WARN][0m missed execution at Sat Sep 12 2026 04:30:00 GMT+0530 (India Standard Time)! Possible blocking IO or high CPU user at the same process used by node-cron.
[2026-09-12T01:11:11.497Z] [PID: 35084] [32m[NODE-CRON][32m [33m[WARN][0m missed execution at Sat Sep 12 2026 04:40:00 GMT+0530 (India Standard Time)! Possible blocking IO or high CPU user at the same process used by node-cron.
[2026-09-12T01:11:11.513Z] [PID: 35084] [32m[NODE-CRON][32m [33m[WARN][0m missed execution at Sat Sep 12 2026 04:50:00 GMT+0530 (India Standard Time)! Possible blocking IO or high CPU user at the same process used by node-cron.
[2026-09-12T01:11:11.526Z] [PID: 35084] [32m[NODE-CRON][32m [33m[WARN][0m missed execution at Sat Sep 12 2026 05:00:00 GMT+0530 (India Standard Time)! Possible blocking IO or high CPU user at the same process used by node-cron.
[2026-09-12T01:11:11.529Z] [PID: 35084] [32m[NODE-CRON][32m [33m[WARN][0m missed execution at Sat Sep 12 2026 05:10:00 GMT+0530 (India Standard Time)! Possible blocking IO or high CPU user at the same process used by node-cron.
[2026-09-12T01:11:11.542Z] [PID: 35084] [32m[NODE-CRON][32m [33m[WARN][0m missed execution at Sat Sep 12 2026 05:20:00 GMT+0530 (India Standard Time)! Possible blocking IO or high CPU user at the same process used by node-cron.
[2026-09-12T01:11:11.567Z] [PID: 35084] [32m[NODE-CRON][32m [33m[WARN][0m missed execution at Sat Sep 12 2026 05:30:00 GMT+0530 (India Standard Time)! Possible blocking IO or high CPU user at the same process used by node-cron.
[2026-09-12T01:11:11.576Z] [PID: 35084] [32m[NODE-CRON][32m [33m[WARN][0m missed execution at Sat Sep 12 2026 05:40:00 GMT+0530 (India Standard Time)! Possible blocking IO or high CPU user at the same process used by node-cron.
[2026-09-12T01:11:11.599Z] [PID: 35084] [32m[NODE-CRON][32m [33m[WARN][0m missed execution at Sat Sep 12 2026 05:50:00 GMT+0530 (India Standard Time)! Possible blocking IO or high CPU user at the same process used by node-cron.
[2026-09-12T01:11:11.611Z] [PID: 35084] [32m[NODE-CRON][32m [33m[WARN][0m missed execution at Sat Sep 12 2026 06:00:00 GMT+0530 (India Standard Time)! Possible blocking IO or high CPU user at the same process used by node-cron.
[2026-09-12T01:11:11.626Z] [PID: 35084] [32m[NODE-CRON][32m [33m[WARN][0m missed execution at Sat Sep 12 2026 06:10:00 GMT+0530 (India Standard Time)! Possible blocking IO or high CPU user at the same process used by node-cron.
[2026-09-12T01:11:11.648Z] [PID: 35084] [32m[NODE-CRON][32m [33m[WARN][0m missed execution at Sat Sep 12 2026 06:20:00 GMT+0530 (India Standard Time)! Possible blocking IO or high CPU user at the same process used by node-cron.
[2026-09-12T01:11:11.663Z] [PID: 35084] [32m[NODE-CRON][32m [33m[WARN][0m missed execution at Sat Sep 12 2026 06:30:00 GMT+0530 (India Standard Time)! Possible blocking IO or high CPU user at the same process used by node-cron.
[2026-09-12T01:11:11.676Z] [PID: 35084] [32m[NODE-CRON][32m [33m[WARN][0m missed execution at Sat Sep 12 2026 06:40:00 GMT+0530 (India Standard Time)! Possible blocking IO or high CPU user at the same process used by node-cron.
[2026-09-12T05:36:39.532Z] [PID: 35084] [32m[NODE-CRON][32m [33m[WARN][0m missed execution at Sat Sep 12 2026 06:42:00 GMT+0530 (India Standard Time)! Possible blocking IO or high CPU user at the same process used by node-cron.
[2026-09-12T05:36:39.811Z] [PID: 35084] [32m[NODE-CRON][32m [33m[WARN][0m missed execution at Sat Sep 12 2026 06:48:00 GMT+0530 (India Standard Time)! Possible blocking IO or high CPU user at the same process used by node-cron.
[2026-09-12T05:36:39.962Z] [PID: 35084] [32m[NODE-CRON][32m [33m[WARN][0m missed execution at Sat Sep 12 2026 06:54:00 GMT+0530 (India Standard Time)! Possible blocking IO or high CPU user at the same process used by node-cron.
[2026-09-12T05:36:40.412Z] [PID: 35084] [32m[NODE-CRON][32m [33m[WARN][0m missed execution at Sat Sep 12 2026 07:00:00 GMT+0530 (India Standard Time)! Possible blocking IO or high CPU user at the same process used by node-cron.
[2026-09-12T05:36:40.668Z] [PID: 35084] [32m[NODE-CRON][32m [33m[WARN][0m missed execution at Sat Sep 12 2026 07:06:00 GMT+0530 (India Standard Time)! Possible blocking IO or high CPU user at the same process used by node-cron.
[2026-09-12T05:36:40.877Z] [PID: 35084] [32m[NODE-CRON][32m [33m[WARN][0m missed execution at Sat Sep 12 2026 07:12:00 GMT+0530 (India Standard Time)! Possible blocking IO or high CPU user at the same process used by node-cron.
[2026-09-12T05:36:41.870Z] [PID: 35084] [32m[NODE-CRON][32m [33m[WARN][0m missed execution at Sat Sep 12 2026 07:18:00 GMT+0530 (India Standard Time)! Possible blocking IO or high CPU user at the same process used by node-cron.
[2026-09-12T05:36:42.315Z] [PID: 35084] [32m[NODE-CRON][32m [33m[WARN][0m missed execution at Sat Sep 12 2026 07:24:00 GMT+0530 (India Standard Time)! Possible blocking IO or high CPU user at the same process used by node-cron.
[2026-09-12T05:36:42.615Z] [PID: 35084] [32m[NODE-CRON][32m [33m[WARN][0m missed execution at Sat Sep 12 2026 07:30:00 GMT+0530 (India Standard Time)! Possible blocking IO or high CPU user at the same process used by node-cron.
[2026-09-12T05:36:43.481Z] [PID: 35084] [32m[NODE-CRON][32m [33m[WARN][0m missed execution at Sat Sep 12 2026 07:36:00 GMT+0530 (India Standard Time)! Possible blocking IO or high CPU user at the same process used by node-cron.
[2026-09-12T05:36:44.097Z] [PID: 35084] [32m[NODE-CRON][32m [33m[WARN][0m missed execution at Sat Sep 12 2026 07:42:00 GMT+0530 (India Standard Time)! Possible blocking IO or high CPU user at the same process used by node-cron.
[2026-09-12T05:36:44.411Z] [PID: 35084] [32m[NODE-CRON][32m [33m[WARN][0m missed execution at Sat Sep 12 2026 07:48:00 GMT+0530 (India Standard Time)! Possible blocking IO or high CPU user at the same process used by node-cron.
[2026-09-12T05:36:44.794Z] [PID: 35084] [32m[NODE-CRON][32m [33m[WARN][0m missed execution at Sat Sep 12 2026 07:54:00 GMT+0530 (India Standard Time)! Possible blocking IO or high CPU user at the same process used by node-cron.
[2026-09-12T05:36:45.011Z] [PID: 35084] [32m[NODE-CRON][32m [33m[WARN][0m missed execution at Sat Sep 12 2026 08:00:00 GMT+0530 (India Standard Time)! Possible blocking IO or high CPU user at the same process used by node-cron.
[2026-09-12T05:36:45.910Z] [PID: 35084] [32m[NODE-CRON][32m [33m[WARN][0m missed execution at Sat Sep 12 2026 08:06:00 GMT+0530 (India Standard Time)! Possible blocking IO or high CPU user at the same process used by node-cron.
[2026-09-12T05:36:46.308Z] [PID: 35084] [32m[NODE-CRON][32m [33m[WARN][0m missed execution at Sat Sep 12 2026 08:12:00 GMT+0530 (India Standard Time)! Possible blocking IO or high CPU user at the same process used by node-cron.
[2026-09-12T05:36:46.598Z] [PID: 35084] [32m[NODE-CRON][32m [33m[WARN][0m missed execution at Sat Sep 12 2026 08:18:00 GMT+0530 (India Standard Time)! Possible blocking IO or high CPU user at the same process used by node-cron.
[2026-09-12T05:36:46.941Z] [PID: 35084] [32m[NODE-CRON][32m [33m[WARN][0m missed execution at Sat Sep 12 2026 08:24:00 GMT+0530 (India Standard Time)! Possible blocking IO or high CPU user at the same process used by node-cron.
[2026-09-12T05:36:47.280Z] [PID: 35084] [32m[NODE-CRON][32m [33m[WARN][0m missed execution at Sat Sep 12 2026 08:30:00 GMT+0530 (India Standard Time)! Possible blocking IO or high CPU user at the same process used by node-cron.
[2026-09-12T05:36:47.561Z] [PID: 35084] [32m[NODE-CRON][32m [33m[WARN][0m missed execution at Sat Sep 12 2026 08:36:00 GMT+0530 (India Standard Time)! Possible blocking IO or high CPU user at the same process used by node-cron.
[2026-09-12T05:36:47.707Z] [PID: 35084] [32m[NODE-CRON][32m [33m[WARN][0m missed execution at Sat Sep 12 2026 08:42:00 GMT+0530 (India Standard Time)! Possible blocking IO or high CPU user at the same process used by node-cron.
[2026-09-12T05:36:47.762Z] [PID: 35084] [32m[NODE-CRON][32m [33m[WARN][0m missed execution at Sat Sep 12 2026 08:48:00 GMT+0530 (India Standard Time)! Possible blocking IO or high CPU user at the same process used by node-cron.
[2026-09-12T05:36:47.841Z] [PID: 35084] [32m[NODE-CRON][32m [33m[WARN][0m missed execution at Sat Sep 12 2026 08:54:00 GMT+0530 (India Standard Time)! Possible blocking IO or high CPU user at the same process used by node-cron.
[2026-09-12T05:36:47.975Z] [PID: 35084] [32m[NODE-CRON][32m [33m[WARN][0m missed execution at Sat Sep 12 2026 09:00:00 GMT+0530 (India Standard Time)! Possible blocking IO or high CPU user at the same process used by node-cron.
[2026-09-12T05:36:48.058Z] [PID: 35084] [32m[NODE-CRON][32m [33m[WARN][0m missed execution at Sat Sep 12 2026 09:06:00 GMT+0530 (India Standard Time)! Possible blocking IO or high CPU user at the same process used by node-cron.
[2026-09-12T05:36:48.145Z] [PID: 35084] [32m[NODE-CRON][32m [33m[WARN][0m missed execution at Sat Sep 12 2026 09:12:00 GMT+0530 (India Standard Time)! Possible blocking IO or high CPU user at the same process used by node-cron.
[2026-09-12T05:36:48.311Z] [PID: 35084] [32m[NODE-CRON][32m [33m[WARN][0m missed execution at Sat Sep 12 2026 09:18:00 GMT+0530 (India Standard Time)! Possible blocking IO or high CPU user at the same process used by node-cron.
[2026-09-12T05:36:48.366Z] [PID: 35084] [32m[NODE-CRON][32m [33m[WARN][0m missed execution at Sat Sep 12 2026 09:24:00 GMT+0530 (India Standard Time)! Possible blocking IO or high CPU user at the same process used by node-cron.
[2026-09-12T05:36:48.450Z] [PID: 35084] [32m[NODE-CRON][32m [33m[WARN][0m missed execution at Sat Sep 12 2026 09:30:00 GMT+0530 (India Standard Time)! Possible blocking IO or high CPU user at the same process used by node-cron.
[2026-09-12T05:36:48.562Z] [PID: 35084] [32m[NODE-CRON][32m [33m[WARN][0m missed execution at Sat Sep 12 2026 09:36:00 GMT+0530 (India Standard Time)! Possible blocking IO or high CPU user at the same process used by node-cron.
[2026-09-12T05:36:48.674Z] [PID: 35084] [32m[NODE-CRON][32m [33m[WARN][0m missed execution at Sat Sep 12 2026 09:42:00 GMT+0530 (India Standard Time)! Possible blocking IO or high CPU user at the same process used by node-cron.
[2026-09-12T05:36:48.775Z] [PID: 35084] [32m[NODE-CRON][32m [33m[WARN][0m missed execution at Sat Sep 12 2026 09:48:00 GMT+0530 (India Standard Time)! Possible blocking IO or high CPU user at the same process used by node-cron.
[2026-09-12T05:36:48.816Z] [PID: 35084] [32m[NODE-CRON][32m [33m[WARN][0m missed execution at Sat Sep 12 2026 09:54:00 GMT+0530 (India Standard Time)! Possible blocking IO or high CPU user at the same process used by node-cron.
[2026-09-12T05:36:48.966Z] [PID: 35084] [32m[NODE-CRON][32m [33m[WARN][0m missed execution at Sat Sep 12 2026 10:00:00 GMT+0530 (India Standard Time)! Possible blocking IO or high CPU user at the same process used by node-cron.
[2026-09-12T05:36:49.053Z] [PID: 35084] [32m[NODE-CRON][32m [33m[WARN][0m missed execution at Sat Sep 12 2026 10:06:00 GMT+0530 (India Standard Time)! Possible blocking IO or high CPU user at the same process used by node-cron.
[2026-09-12T05:36:49.253Z] [PID: 35084] [32m[NODE-CRON][32m [33m[WARN][0m missed execution at Sat Sep 12 2026 10:12:00 GMT+0530 (India Standard Time)! Possible blocking IO or high CPU user at the same process used by node-cron.
[2026-09-12T05:36:49.310Z] [PID: 35084] [32m[NODE-CRON][32m [33m[WARN][0m missed execution at Sat Sep 12 2026 10:18:00 GMT+0530 (India Standard Time)! Possible blocking IO or high CPU user at the same process used by node-cron.
[2026-09-12T05:36:49.428Z] [PID: 35084] [32m[NODE-CRON][32m [33m[WARN][0m missed execution at Sat Sep 12 2026 10:24:00 GMT+0530 (India Standard Time)! Possible blocking IO or high CPU user at the same process used by node-cron.
[2026-09-12T05:36:49.488Z] [PID: 35084] [32m[NODE-CRON][32m [33m[WARN][0m missed execution at Sat Sep 12 2026 10:30:00 GMT+0530 (India Standard Time)! Possible blocking IO or high CPU user at the same process used by node-cron.
[2026-09-12T05:36:49.614Z] [PID: 35084] [32m[NODE-CRON][32m [33m[WARN][0m missed execution at Sat Sep 12 2026 10:36:00 GMT+0530 (India Standard Time)! Possible blocking IO or high CPU user at the same process used by node-cron.
[2026-09-12T05:36:49.711Z] [PID: 35084] [32m[NODE-CRON][32m [33m[WARN][0m missed execution at Sat Sep 12 2026 10:42:00 GMT+0530 (India Standard Time)! Possible blocking IO or high CPU user at the same process used by node-cron.
[2026-09-12T05:36:49.886Z] [PID: 35084] [32m[NODE-CRON][32m [33m[WARN][0m missed execution at Sat Sep 12 2026 10:48:00 GMT+0530 (India Standard Time)! Possible blocking IO or high CPU user at the same process used by node-cron.
[2026-09-12T05:36:49.934Z] [PID: 35084] [32m[NODE-CRON][32m [33m[WARN][0m missed execution at Sat Sep 12 2026 10:54:00 GMT+0530 (India Standard Time)! Possible blocking IO or high CPU user at the same process used by node-cron.
[2026-09-12T05:36:49.981Z] [PID: 35084] [32m[NODE-CRON][32m [33m[WARN][0m missed execution at Sat Sep 12 2026 11:00:00 GMT+0530 (India Standard Time)! Possible blocking IO or high CPU user at the same process used by node-cron.
[2026-09-12T05:36:50.035Z] [PID: 35084] [32m[NODE-CRON][32m [33m[WARN][0m missed execution at Sat Sep 12 2026 11:06:00 GMT+0530 (India Standard Time)! Possible blocking IO or high CPU user at the same process used by node-cron.
[2026-09-12T05:36:50.188Z] [PID: 35084] [32m[NODE-CRON][32m [33m[WARN][0m missed execution at Sat Sep 12 2026 06:45:00 GMT+0530 (India Standard Time)! Possible blocking IO or high CPU user at the same process used by node-cron.
[2026-09-12T05:36:50.374Z] [PID: 35084] [32m[NODE-CRON][32m [33m[WARN][0m missed execution at Sat Sep 12 2026 06:50:00 GMT+0530 (India Standard Time)! Possible blocking IO or high CPU user at the same process used by node-cron.
[2026-09-12T05:36:50.434Z] [PID: 35084] [32m[NODE-CRON][32m [33m[WARN][0m missed execution at Sat Sep 12 2026 06:55:00 GMT+0530 (India Standard Time)! Possible blocking IO or high CPU user at the same process used by node-cron.
[2026-09-12T05:36:50.507Z] [PID: 35084] [32m[NODE-CRON][32m [33m[WARN][0m missed execution at Sat Sep 12 2026 07:00:00 GMT+0530 (India Standard Time)! Possible blocking IO or high CPU user at the same process used by node-cron.
[2026-09-12T05:36:50.590Z] [PID: 35084] [32m[NODE-CRON][32m [33m[WARN][0m missed execution at Sat Sep 12 2026 07:05:00 GMT+0530 (India Standard Time)! Possible blocking IO or high CPU user at the same process used by node-cron.
[2026-09-12T05:36:50.674Z] [PID: 35084] [32m[NODE-CRON][32m [33m[WARN][0m missed execution at Sat Sep 12 2026 07:10:00 GMT+0530 (India Standard Time)! Possible blocking IO or high CPU user at the same process used by node-cron.
[2026-09-12T05:36:51.082Z] [PID: 35084] [32m[NODE-CRON][32m [33m[WARN][0m missed execution at Sat Sep 12 2026 07:15:00 GMT+0530 (India Standard Time)! Possible blocking IO or high CPU user at the same process used by node-cron.
[2026-09-12T05:36:51.142Z] [PID: 35084] [32m[NODE-CRON][32m [33m[WARN][0m missed execution at Sat Sep 12 2026 07:20:00 GMT+0530 (India Standard Time)! Possible blocking IO or high CPU user at the same process used by node-cron.
[2026-09-12T05:36:51.510Z] [PID: 35084] [32m[NODE-CRON][32m [33m[WARN][0m missed execution at Sat Sep 12 2026 07:25:00 GMT+0530 (India Standard Time)! Possible blocking IO or high CPU user at the same process used by node-cron.
[2026-09-12T05:36:51.550Z] [PID: 35084] [32m[NODE-CRON][32m [33m[WARN][0m missed execution at Sat Sep 12 2026 07:30:00 GMT+0530 (India Standard Time)! Possible blocking IO or high CPU user at the same process used by node-cron.
[2026-09-12T05:36:52.759Z] [PID: 35084] [32m[NODE-CRON][32m [33m[WARN][0m missed execution at Sat Sep 12 2026 07:35:00 GMT+0530 (India Standard Time)! Possible blocking IO or high CPU user at the same process used by node-cron.
[2026-09-12T05:36:52.966Z] [PID: 35084] [32m[NODE-CRON][32m [33m[WARN][0m missed execution at Sat Sep 12 2026 07:40:00 GMT+0530 (India Standard Time)! Possible blocking IO or high CPU user at the same process used by node-cron.
[2026-09-12T05:36:53.125Z] [PID: 35084] [32m[NODE-CRON][32m [33m[WARN][0m missed execution at Sat Sep 12 2026 07:45:00 GMT+0530 (India Standard Time)! Possible blocking IO or high CPU user at the same process used by node-cron.
[2026-09-12T05:36:53.312Z] [PID: 35084] [32m[NODE-CRON][32m [33m[WARN][0m missed execution at Sat Sep 12 2026 07:50:00 GMT+0530 (India Standard Time)! Possible blocking IO or high CPU user at the same process used by node-cron.
[2026-09-12T05:36:53.420Z] [PID: 35084] [32m[NODE-CRON][32m [33m[WARN][0m missed execution at Sat Sep 12 2026 07:55:00 GMT+0530 (India Standard Time)! Possible blocking IO or high CPU user at the same process used by node-cron.
[2026-09-12T05:36:53.681Z] [PID: 35084] [32m[NODE-CRON][32m [33m[WARN][0m missed execution at Sat Sep 12 2026 08:00:00 GMT+0530 (India Standard Time)! Possible blocking IO or high CPU user at the same process used by node-cron.
[2026-09-12T05:36:53.800Z] [PID: 35084] [32m[NODE-CRON][32m [33m[WARN][0m missed execution at Sat Sep 12 2026 08:05:00 GMT+0530 (India Standard Time)! Possible blocking IO or high CPU user at the same process used by node-cron.
[2026-09-12T05:36:53.847Z] [PID: 35084] [32m[NODE-CRON][32m [33m[WARN][0m missed execution at Sat Sep 12 2026 08:10:00 GMT+0530 (India Standard Time)! Possible blocking IO or high CPU user at the same process used by node-cron.
[2026-09-12T05:36:53.939Z] [PID: 35084] [32m[NODE-CRON][32m [33m[WARN][0m missed execution at Sat Sep 12 2026 08:15:00 GMT+0530 (India Standard Time)! Possible blocking IO or high CPU user at the same process used by node-cron.
[2026-09-12T05:36:53.992Z] [PID: 35084] [32m[NODE-CRON][32m [33m[WARN][0m missed execution at Sat Sep 12 2026 08:20:00 GMT+0530 (India Standard Time)! Possible blocking IO or high CPU user at the same process used by node-cron.
[2026-09-12T05:36:54.039Z] [PID: 35084] [32m[NODE-CRON][32m [33m[WARN][0m missed execution at Sat Sep 12 2026 08:25:00 GMT+0530 (India Standard Time)! Possible blocking IO or high CPU user at the same process used by node-cron.
[2026-09-12T05:36:54.133Z] [PID: 35084] [32m[NODE-CRON][32m [33m[WARN][0m missed execution at Sat Sep 12 2026 08:30:00 GMT+0530 (India Standard Time)! Possible blocking IO or high CPU user at the same process used by node-cron.
[2026-09-12T05:36:54.309Z] [PID: 35084] [32m[NODE-CRON][32m [33m[WARN][0m missed execution at Sat Sep 12 2026 08:35:00 GMT+0530 (India Standard Time)! Possible blocking IO or high CPU user at the same process used by node-cron.
[2026-09-12T05:36:54.412Z] [PID: 35084] [32m[NODE-CRON][32m [33m[WARN][0m missed execution at Sat Sep 12 2026 08:40:00 GMT+0530 (India Standard Time)! Possible blocking IO or high CPU user at the same process used by node-cron.
[2026-09-12T05:36:54.487Z] [PID: 35084] [32m[NODE-CRON][32m [33m[WARN][0m missed execution at Sat Sep 12 2026 08:45:00 GMT+0530 (India Standard Time)! Possible blocking IO or high CPU user at the same process used by node-cron.
[2026-09-12T05:36:54.636Z] [PID: 35084] [32m[NODE-CRON][32m [33m[WARN][0m missed execution at Sat Sep 12 2026 08:50:00 GMT+0530 (India Standard Time)! Possible blocking IO or high CPU user at the same process used by node-cron.
[2026-09-12T05:36:54.790Z] [PID: 35084] [32m[NODE-CRON][32m [33m[WARN][0m missed execution at Sat Sep 12 2026 08:55:00 GMT+0530 (India Standard Time)! Possible blocking IO or high CPU user at the same process used by node-cron.
[2026-09-12T05:36:54.861Z] [PID: 35084] [32m[NODE-CRON][32m [33m[WARN][0m missed execution at Sat Sep 12 2026 09:00:00 GMT+0530 (India Standard Time)! Possible blocking IO or high CPU user at the same process used by node-cron.
[2026-09-12T05:36:54.956Z] [PID: 35084] [32m[NODE-CRON][32m [33m[WARN][0m missed execution at Sat Sep 12 2026 09:05:00 GMT+0530 (India Standard Time)! Possible blocking IO or high CPU user at the same process used by node-cron.
[2026-09-12T05:36:55.015Z] [PID: 35084] [32m[NODE-CRON][32m [33m[WARN][0m missed execution at Sat Sep 12 2026 09:10:00 GMT+0530 (India Standard Time)! Possible blocking IO or high CPU user at the same process used by node-cron.
[2026-09-12T05:36:55.214Z] [PID: 35084] [32m[NODE-CRON][32m [33m[WARN][0m missed execution at Sat Sep 12 2026 09:15:00 GMT+0530 (India Standard Time)! Possible blocking IO or high CPU user at the same process used by node-cron.
[2026-09-12T05:36:55.321Z] [PID: 35084] [32m[NODE-CRON][32m [33m[WARN][0m missed execution at Sat Sep 12 2026 09:20:00 GMT+0530 (India Standard Time)! Possible blocking IO or high CPU user at the same process used by node-cron.
[2026-09-12T05:36:55.384Z] [PID: 35084] [32m[NODE-CRON][32m [33m[WARN][0m missed execution at Sat Sep 12 2026 09:25:00 GMT+0530 (India Standard Time)! Possible blocking IO or high CPU user at the same process used by node-cron.
[2026-09-12T05:36:55.519Z] [PID: 35084] [32m[NODE-CRON][32m [33m[WARN][0m missed execution at Sat Sep 12 2026 09:30:00 GMT+0530 (India Standard Time)! Possible blocking IO or high CPU user at the same process used by node-cron.
[2026-09-12T05:36:55.772Z] [PID: 35084] [32m[NODE-CRON][32m [33m[WARN][0m missed execution at Sat Sep 12 2026 09:35:00 GMT+0530 (India Standard Time)! Possible blocking IO or high CPU user at the same process used by node-cron.
[2026-09-12T05:36:55.821Z] [PID: 35084] [32m[NODE-CRON][32m [33m[WARN][0m missed execution at Sat Sep 12 2026 09:40:00 GMT+0530 (India Standard Time)! Possible blocking IO or high CPU user at the same process used by node-cron.
[2026-09-12T05:36:55.907Z] [PID: 35084] [32m[NODE-CRON][32m [33m[WARN][0m missed execution at Sat Sep 12 2026 09:45:00 GMT+0530 (India Standard Time)! Possible blocking IO or high CPU user at the same process used by node-cron.
[2026-09-12T05:36:56.018Z] [PID: 35084] [32m[NODE-CRON][32m [33m[WARN][0m missed execution at Sat Sep 12 2026 09:50:00 GMT+0530 (India Standard Time)! Possible blocking IO or high CPU user at the same process used by node-cron.
[2026-09-12T05:36:56.175Z] [PID: 35084] [32m[NODE-CRON][32m [33m[WARN][0m missed execution at Sat Sep 12 2026 09:55:00 GMT+0530 (India Standard Time)! Possible blocking IO or high CPU user at the same process used by node-cron.
[2026-09-12T05:36:56.245Z] [PID: 35084] [32m[NODE-CRON][32m [33m[WARN][0m missed execution at Sat Sep 12 2026 10:00:00 GMT+0530 (India Standard Time)! Possible blocking IO or high CPU user at the same process used by node-cron.
[2026-09-12T05:36:56.451Z] [PID: 35084] [32m[NODE-CRON][32m [33m[WARN][0m missed execution at Sat Sep 12 2026 10:05:00 GMT+0530 (India Standard Time)! Possible blocking IO or high CPU user at the same process used by node-cron.
[2026-09-12T05:36:56.503Z] [PID: 35084] [32m[NODE-CRON][32m [33m[WARN][0m missed execution at Sat Sep 12 2026 10:10:00 GMT+0530 (India Standard Time)! Possible blocking IO or high CPU user at the same process used by node-cron.
[2026-09-12T05:36:56.613Z] [PID: 35084] [32m[NODE-CRON][32m [33m[WARN][0m missed execution at Sat Sep 12 2026 10:15:00 GMT+0530 (India Standard Time)! Possible blocking IO or high CPU user at the same process used by node-cron.
[2026-09-12T05:36:56.706Z] [PID: 35084] [32m[NODE-CRON][32m [33m[WARN][0m missed execution at Sat Sep 12 2026 10:20:00 GMT+0530 (India Standard Time)! Possible blocking IO or high CPU user at the same process used by node-cron.
[2026-09-12T05:36:56.801Z] [PID: 35084] [32m[NODE-CRON][32m [33m[WARN][0m missed execution at Sat Sep 12 2026 10:25:00 GMT+0530 (India Standard Time)! Possible blocking IO or high CPU user at the same process used by node-cron.
[2026-09-12T05:36:56.845Z] [PID: 35084] [32m[NODE-CRON][32m [33m[WARN][0m missed execution at Sat Sep 12 2026 10:30:00 GMT+0530 (India Standard Time)! Possible blocking IO or high CPU user at the same process used by node-cron.
[2026-09-12T05:36:56.914Z] [PID: 35084] [32m[NODE-CRON][32m [33m[WARN][0m missed execution at Sat Sep 12 2026 10:35:00 GMT+0530 (India Standard Time)! Possible blocking IO or high CPU user at the same process used by node-cron.
[2026-09-12T05:36:57.305Z] [PID: 35084] [32m[NODE-CRON][32m [33m[WARN][0m missed execution at Sat Sep 12 2026 10:40:00 GMT+0530 (India Standard Time)! Possible blocking IO or high CPU user at the same process used by node-cron.
[2026-09-12T05:36:57.353Z] [PID: 35084] [32m[NODE-CRON][32m [33m[WARN][0m missed execution at Sat Sep 12 2026 10:45:00 GMT+0530 (India Standard Time)! Possible blocking IO or high CPU user at the same process used by node-cron.
[2026-09-12T05:36:57.428Z] [PID: 35084] [32m[NODE-CRON][32m [33m[WARN][0m missed execution at Sat Sep 12 2026 10:50:00 GMT+0530 (India Standard Time)! Possible blocking IO or high CPU user at the same process used by node-cron.
[2026-09-12T05:36:57.451Z] [PID: 35084] [32m[NODE-CRON][32m [33m[WARN][0m missed execution at Sat Sep 12 2026 10:55:00 GMT+0530 (India Standard Time)! Possible blocking IO or high CPU user at the same process used by node-cron.
[2026-09-12T05:36:57.600Z] [PID: 35084] [32m[NODE-CRON][32m [33m[WARN][0m missed execution at Sat Sep 12 2026 11:00:00 GMT+0530 (India Standard Time)! Possible blocking IO or high CPU user at the same process used by node-cron.
[2026-09-12T05:36:57.656Z] [PID: 35084] [32m[NODE-CRON][32m [33m[WARN][0m missed execution at Sat Sep 12 2026 11:05:00 GMT+0530 (India Standard Time)! Possible blocking IO or high CPU user at the same process used by node-cron.
[2026-09-12T05:36:58.329Z] [PID: 35084] [32m[NODE-CRON][32m [33m[WARN][0m missed execution at Sat Sep 12 2026 06:50:00 GMT+0530 (India Standard Time)! Possible blocking IO or high CPU user at the same process used by node-cron.
[2026-09-12T05:36:58.564Z] [PID: 35084] [32m[NODE-CRON][32m [33m[WARN][0m missed execution at Sat Sep 12 2026 07:00:00 GMT+0530 (India Standard Time)! Possible blocking IO or high CPU user at the same process used by node-cron.
[2026-09-12T05:36:58.682Z] [PID: 35084] [32m[NODE-CRON][32m [33m[WARN][0m missed execution at Sat Sep 12 2026 07:10:00 GMT+0530 (India Standard Time)! Possible blocking IO or high CPU user at the same process used by node-cron.
[2026-09-12T05:36:58.965Z] [PID: 35084] [32m[NODE-CRON][32m [33m[WARN][0m missed execution at Sat Sep 12 2026 07:20:00 GMT+0530 (India Standard Time)! Possible blocking IO or high CPU user at the same process used by node-cron.
[2026-09-12T05:36:59.151Z] [PID: 35084] [32m[NODE-CRON][32m [33m[WARN][0m missed execution at Sat Sep 12 2026 07:30:00 GMT+0530 (India Standard Time)! Possible blocking IO or high CPU user at the same process used by node-cron.
[2026-09-12T05:36:59.244Z] [PID: 35084] [32m[NODE-CRON][32m [33m[WARN][0m missed execution at Sat Sep 12 2026 07:40:00 GMT+0530 (India Standard Time)! Possible blocking IO or high CPU user at the same process used by node-cron.
[2026-09-12T05:36:59.375Z] [PID: 35084] [32m[NODE-CRON][32m [33m[WARN][0m missed execution at Sat Sep 12 2026 07:50:00 GMT+0530 (India Standard Time)! Possible blocking IO or high CPU user at the same process used by node-cron.
[2026-09-12T05:36:59.460Z] [PID: 35084] [32m[NODE-CRON][32m [33m[WARN][0m missed execution at Sat Sep 12 2026 08:00:00 GMT+0530 (India Standard Time)! Possible blocking IO or high CPU user at the same process used by node-cron.
[2026-09-12T05:36:59.629Z] [PID: 35084] [32m[NODE-CRON][32m [33m[WARN][0m missed execution at Sat Sep 12 2026 08:10:00 GMT+0530 (India Standard Time)! Possible blocking IO or high CPU user at the same process used by node-cron.
[2026-09-12T05:36:59.709Z] [PID: 35084] [32m[NODE-CRON][32m [33m[WARN][0m missed execution at Sat Sep 12 2026 08:20:00 GMT+0530 (India Standard Time)! Possible blocking IO or high CPU user at the same process used by node-cron.
[2026-09-12T05:36:59.830Z] [PID: 35084] [32m[NODE-CRON][32m [33m[WARN][0m missed execution at Sat Sep 12 2026 08:30:00 GMT+0530 (India Standard Time)! Possible blocking IO or high CPU user at the same process used by node-cron.
[2026-09-12T05:36:59.943Z] [PID: 35084] [32m[NODE-CRON][32m [33m[WARN][0m missed execution at Sat Sep 12 2026 08:40:00 GMT+0530 (India Standard Time)! Possible blocking IO or high CPU user at the same process used by node-cron.
[2026-09-12T05:37:00.036Z] [PID: 35084] [32m[NODE-CRON][32m [33m[WARN][0m missed execution at Sat Sep 12 2026 08:50:00 GMT+0530 (India Standard Time)! Possible blocking IO or high CPU user at the same process used by node-cron.
[2026-09-12T05:37:00.179Z] [PID: 35084] [32m[NODE-CRON][32m [33m[WARN][0m missed execution at Sat Sep 12 2026 09:00:00 GMT+0530 (India Standard Time)! Possible blocking IO or high CPU user at the same process used by node-cron.
[2026-09-12T05:37:00.297Z] [PID: 35084] [32m[NODE-CRON][32m [33m[WARN][0m missed execution at Sat Sep 12 2026 09:10:00 GMT+0530 (India Standard Time)! Possible blocking IO or high CPU user at the same process used by node-cron.
[2026-09-12T05:37:00.491Z] [PID: 35084] [32m[NODE-CRON][32m [33m[WARN][0m missed execution at Sat Sep 12 2026 09:20:00 GMT+0530 (India Standard Time)! Possible blocking IO or high CPU user at the same process used by node-cron.
[2026-09-12T05:37:00.584Z] [PID: 35084] [32m[NODE-CRON][32m [33m[WARN][0m missed execution at Sat Sep 12 2026 09:30:00 GMT+0530 (India Standard Time)! Possible blocking IO or high CPU user at the same process used by node-cron.
[2026-09-12T05:37:00.698Z] [PID: 35084] [32m[NODE-CRON][32m [33m[WARN][0m missed execution at Sat Sep 12 2026 09:40:00 GMT+0530 (India Standard Time)! Possible blocking IO or high CPU user at the same process used by node-cron.
[2026-09-12T05:37:00.815Z] [PID: 35084] [32m[NODE-CRON][32m [33m[WARN][0m missed execution at Sat Sep 12 2026 09:50:00 GMT+0530 (India Standard Time)! Possible blocking IO or high CPU user at the same process used by node-cron.
[2026-09-12T05:37:00.864Z] [PID: 35084] [32m[NODE-CRON][32m [33m[WARN][0m missed execution at Sat Sep 12 2026 10:00:00 GMT+0530 (India Standard Time)! Possible blocking IO or high CPU user at the same process used by node-cron.
[2026-09-12T05:37:00.981Z] [PID: 35084] [32m[NODE-CRON][32m [33m[WARN][0m missed execution at Sat Sep 12 2026 10:10:00 GMT+0530 (India Standard Time)! Possible blocking IO or high CPU user at the same process used by node-cron.
[2026-09-12T05:37:01.028Z] [PID: 35084] [32m[NODE-CRON][32m [33m[WARN][0m missed execution at Sat Sep 12 2026 10:20:00 GMT+0530 (India Standard Time)! Possible blocking IO or high CPU user at the same process used by node-cron.
[2026-09-12T05:37:01.123Z] [PID: 35084] [32m[NODE-CRON][32m [33m[WARN][0m missed execution at Sat Sep 12 2026 10:30:00 GMT+0530 (India Standard Time)! Possible blocking IO or high CPU user at the same process used by node-cron.
[2026-09-12T05:37:01.177Z] [PID: 35084] [32m[NODE-CRON][32m [33m[WARN][0m missed execution at Sat Sep 12 2026 10:40:00 GMT+0530 (India Standard Time)! Possible blocking IO or high CPU user at the same process used by node-cron.
[2026-09-12T05:37:01.268Z] [PID: 35084] [32m[NODE-CRON][32m [33m[WARN][0m missed execution at Sat Sep 12 2026 10:50:00 GMT+0530 (India Standard Time)! Possible blocking IO or high CPU user at the same process used by node-cron.
[2026-09-12T05:37:01.417Z] [PID: 35084] [32m[NODE-CRON][32m [33m[WARN][0m missed execution at Sat Sep 12 2026 11:00:00 GMT+0530 (India Standard Time)! Possible blocking IO or high CPU user at the same process used by node-cron.

⏰ [PACKAGE_BUY_CRON] RUN START {
  runId: 'PACKAGE_BUY_CRON_1789191720063',
  time: '2026-09-12T05:42:00.063Z'
}
📦 [PACKAGE_BUY_CRON] Orders fetched { runId: 'PACKAGE_BUY_CRON_1789191720063', count: 0 }
ℹ️ [PACKAGE_BUY_CRON] No unprocessed paid orders { runId: 'PACKAGE_BUY_CRON_1789191720063' }

⏰ [PACKAGE_BUY_CRON] RUN START {
  runId: 'PACKAGE_BUY_CRON_1789192080028',
  time: '2026-09-12T05:48:00.028Z'
}
📦 [PACKAGE_BUY_CRON] Orders fetched { runId: 'PACKAGE_BUY_CRON_1789192080028', count: 0 }
ℹ️ [PACKAGE_BUY_CRON] No unprocessed paid orders { runId: 'PACKAGE_BUY_CRON_1789192080028' }

⏰ [PACKAGE_BUY_CRON] RUN START {
  runId: 'PACKAGE_BUY_CRON_1789192440024',
  time: '2026-09-12T05:54:00.024Z'
}
📦 [PACKAGE_BUY_CRON] Orders fetched { runId: 'PACKAGE_BUY_CRON_1789192440024', count: 0 }
ℹ️ [PACKAGE_BUY_CRON] No unprocessed paid orders { runId: 'PACKAGE_BUY_CRON_1789192440024' }

⏰ [PACKAGE_BUY_CRON] RUN START {
  runId: 'PACKAGE_BUY_CRON_1789192800038',
  time: '2026-09-12T06:00:00.039Z'
}
📦 [PACKAGE_BUY_CRON] Orders fetched { runId: 'PACKAGE_BUY_CRON_1789192800038', count: 0 }
ℹ️ [PACKAGE_BUY_CRON] No unprocessed paid orders { runId: 'PACKAGE_BUY_CRON_1789192800038' }

⏰ [PACKAGE_BUY_CRON] RUN START {
  runId: 'PACKAGE_BUY_CRON_1789193160042',
  time: '2026-09-12T06:06:00.042Z'
}
📦 [PACKAGE_BUY_CRON] Orders fetched { runId: 'PACKAGE_BUY_CRON_1789193160042', count: 0 }
ℹ️ [PACKAGE_BUY_CRON] No unprocessed paid orders { runId: 'PACKAGE_BUY_CRON_1789193160042' }

⏰ [PACKAGE_BUY_CRON] RUN START {
  runId: 'PACKAGE_BUY_CRON_1789193520039',
  time: '2026-09-12T06:12:00.039Z'
}
📦 [PACKAGE_BUY_CRON] Orders fetched { runId: 'PACKAGE_BUY_CRON_1789193520039', count: 0 }
ℹ️ [PACKAGE_BUY_CRON] No unprocessed paid orders { runId: 'PACKAGE_BUY_CRON_1789193520039' }

⏰ [PACKAGE_BUY_CRON] RUN START {
  runId: 'PACKAGE_BUY_CRON_1789193880020',
  time: '2026-09-12T06:18:00.020Z'
}
📦 [PACKAGE_BUY_CRON] Orders fetched { runId: 'PACKAGE_BUY_CRON_1789193880020', count: 0 }
ℹ️ [PACKAGE_BUY_CRON] No unprocessed paid orders { runId: 'PACKAGE_BUY_CRON_1789193880020' }

⏰ [PACKAGE_BUY_CRON] RUN START {
  runId: 'PACKAGE_BUY_CRON_1789194240019',
  time: '2026-09-12T06:24:00.019Z'
}
📦 [PACKAGE_BUY_CRON] Orders fetched { runId: 'PACKAGE_BUY_CRON_1789194240019', count: 0 }
ℹ️ [PACKAGE_BUY_CRON] No unprocessed paid orders { runId: 'PACKAGE_BUY_CRON_1789194240019' }

⏰ [PACKAGE_BUY_CRON] RUN START {
  runId: 'PACKAGE_BUY_CRON_1789194600022',
  time: '2026-09-12T06:30:00.022Z'
}
📦 [PACKAGE_BUY_CRON] Orders fetched { runId: 'PACKAGE_BUY_CRON_1789194600022', count: 0 }
ℹ️ [PACKAGE_BUY_CRON] No unprocessed paid orders { runId: 'PACKAGE_BUY_CRON_1789194600022' }

⏰ [PACKAGE_BUY_CRON] RUN START {
  runId: 'PACKAGE_BUY_CRON_1789194960028',
  time: '2026-09-12T06:36:00.028Z'
}
📦 [PACKAGE_BUY_CRON] Orders fetched { runId: 'PACKAGE_BUY_CRON_1789194960028', count: 0 }
ℹ️ [PACKAGE_BUY_CRON] No unprocessed paid orders { runId: 'PACKAGE_BUY_CRON_1789194960028' }

⏰ [PACKAGE_BUY_CRON] RUN START {
  runId: 'PACKAGE_BUY_CRON_1789195320019',
  time: '2026-09-12T06:42:00.019Z'
}
📦 [PACKAGE_BUY_CRON] Orders fetched { runId: 'PACKAGE_BUY_CRON_1789195320019', count: 0 }
ℹ️ [PACKAGE_BUY_CRON] No unprocessed paid orders { runId: 'PACKAGE_BUY_CRON_1789195320019' }

⏰ [PACKAGE_BUY_CRON] RUN START {
  runId: 'PACKAGE_BUY_CRON_1789195680019',
  time: '2026-09-12T06:48:00.019Z'
}
📦 [PACKAGE_BUY_CRON] Orders fetched { runId: 'PACKAGE_BUY_CRON_1789195680019', count: 0 }
ℹ️ [PACKAGE_BUY_CRON] No unprocessed paid orders { runId: 'PACKAGE_BUY_CRON_1789195680019' }

⏰ [PACKAGE_BUY_CRON] RUN START {
  runId: 'PACKAGE_BUY_CRON_1789196040023',
  time: '2026-09-12T06:54:00.023Z'
}
📦 [PACKAGE_BUY_CRON] Orders fetched { runId: 'PACKAGE_BUY_CRON_1789196040023', count: 0 }
ℹ️ [PACKAGE_BUY_CRON] No unprocessed paid orders { runId: 'PACKAGE_BUY_CRON_1789196040023' }

⏰ [PACKAGE_BUY_CRON] RUN START {
  runId: 'PACKAGE_BUY_CRON_1789196400040',
  time: '2026-09-12T07:00:00.040Z'
}
📦 [PACKAGE_BUY_CRON] Orders fetched { runId: 'PACKAGE_BUY_CRON_1789196400040', count: 0 }
ℹ️ [PACKAGE_BUY_CRON] No unprocessed paid orders { runId: 'PACKAGE_BUY_CRON_1789196400040' }

⏰ [PACKAGE_BUY_CRON] RUN START {
  runId: 'PACKAGE_BUY_CRON_1789196760018',
  time: '2026-09-12T07:06:00.018Z'
}
📦 [PACKAGE_BUY_CRON] Orders fetched { runId: 'PACKAGE_BUY_CRON_1789196760018', count: 0 }
ℹ️ [PACKAGE_BUY_CRON] No unprocessed paid orders { runId: 'PACKAGE_BUY_CRON_1789196760018' }

⏰ [PACKAGE_BUY_CRON] RUN START {
  runId: 'PACKAGE_BUY_CRON_1789197120029',
  time: '2026-09-12T07:12:00.029Z'
}
📦 [PACKAGE_BUY_CRON] Orders fetched { runId: 'PACKAGE_BUY_CRON_1789197120029', count: 0 }
ℹ️ [PACKAGE_BUY_CRON] No unprocessed paid orders { runId: 'PACKAGE_BUY_CRON_1789197120029' }

⏰ [PACKAGE_BUY_CRON] RUN START {
  runId: 'PACKAGE_BUY_CRON_1789197480024',
  time: '2026-09-12T07:18:00.024Z'
}
📦 [PACKAGE_BUY_CRON] Orders fetched { runId: 'PACKAGE_BUY_CRON_1789197480024', count: 0 }
ℹ️ [PACKAGE_BUY_CRON] No unprocessed paid orders { runId: 'PACKAGE_BUY_CRON_1789197480024' }

⏰ [PACKAGE_BUY_CRON] RUN START {
  runId: 'PACKAGE_BUY_CRON_1789197840023',
  time: '2026-09-12T07:24:00.023Z'
}
📦 [PACKAGE_BUY_CRON] Orders fetched { runId: 'PACKAGE_BUY_CRON_1789197840023', count: 0 }
ℹ️ [PACKAGE_BUY_CRON] No unprocessed paid orders { runId: 'PACKAGE_BUY_CRON_1789197840023' }

⏰ [PACKAGE_BUY_CRON] RUN START {
  runId: 'PACKAGE_BUY_CRON_1789198200053',
  time: '2026-09-12T07:30:00.053Z'
}
📦 [PACKAGE_BUY_CRON] Orders fetched { runId: 'PACKAGE_BUY_CRON_1789198200053', count: 0 }
ℹ️ [PACKAGE_BUY_CRON] No unprocessed paid orders { runId: 'PACKAGE_BUY_CRON_1789198200053' }

⏰ [PACKAGE_BUY_CRON] RUN START {
  runId: 'PACKAGE_BUY_CRON_1789198560024',
  time: '2026-09-12T07:36:00.024Z'
}
📦 [PACKAGE_BUY_CRON] Orders fetched { runId: 'PACKAGE_BUY_CRON_1789198560024', count: 0 }
ℹ️ [PACKAGE_BUY_CRON] No unprocessed paid orders { runId: 'PACKAGE_BUY_CRON_1789198560024' }

⏰ [PACKAGE_BUY_CRON] RUN START {
  runId: 'PACKAGE_BUY_CRON_1789198920028',
  time: '2026-09-12T07:42:00.028Z'
}
📦 [PACKAGE_BUY_CRON] Orders fetched { runId: 'PACKAGE_BUY_CRON_1789198920028', count: 0 }
ℹ️ [PACKAGE_BUY_CRON] No unprocessed paid orders { runId: 'PACKAGE_BUY_CRON_1789198920028' }

⏰ [PACKAGE_BUY_CRON] RUN START {
  runId: 'PACKAGE_BUY_CRON_1789199280028',
  time: '2026-09-12T07:48:00.028Z'
}
📦 [PACKAGE_BUY_CRON] Orders fetched { runId: 'PACKAGE_BUY_CRON_1789199280028', count: 0 }
ℹ️ [PACKAGE_BUY_CRON] No unprocessed paid orders { runId: 'PACKAGE_BUY_CRON_1789199280028' }

⏰ [PACKAGE_BUY_CRON] RUN START {
  runId: 'PACKAGE_BUY_CRON_1789199640030',
  time: '2026-09-12T07:54:00.030Z'
}
📦 [PACKAGE_BUY_CRON] Orders fetched { runId: 'PACKAGE_BUY_CRON_1789199640030', count: 0 }
ℹ️ [PACKAGE_BUY_CRON] No unprocessed paid orders { runId: 'PACKAGE_BUY_CRON_1789199640030' }

⏰ [PACKAGE_BUY_CRON] RUN START {
  runId: 'PACKAGE_BUY_CRON_1789200000105',
  time: '2026-09-12T08:00:00.105Z'
}
📦 [PACKAGE_BUY_CRON] Orders fetched { runId: 'PACKAGE_BUY_CRON_1789200000105', count: 0 }
ℹ️ [PACKAGE_BUY_CRON] No unprocessed paid orders { runId: 'PACKAGE_BUY_CRON_1789200000105' }

⏰ [PACKAGE_BUY_CRON] RUN START {
  runId: 'PACKAGE_BUY_CRON_1789200360036',
  time: '2026-09-12T08:06:00.036Z'
}
📦 [PACKAGE_BUY_CRON] Orders fetched { runId: 'PACKAGE_BUY_CRON_1789200360036', count: 0 }
ℹ️ [PACKAGE_BUY_CRON] No unprocessed paid orders { runId: 'PACKAGE_BUY_CRON_1789200360036' }

⏰ [PACKAGE_BUY_CRON] RUN START {
  runId: 'PACKAGE_BUY_CRON_1789200720094',
  time: '2026-09-12T08:12:00.094Z'
}
📦 [PACKAGE_BUY_CRON] Orders fetched { runId: 'PACKAGE_BUY_CRON_1789200720094', count: 0 }
ℹ️ [PACKAGE_BUY_CRON] No unprocessed paid orders { runId: 'PACKAGE_BUY_CRON_1789200720094' }

⏰ [PACKAGE_BUY_CRON] RUN START {
  runId: 'PACKAGE_BUY_CRON_1789201080035',
  time: '2026-09-12T08:18:00.035Z'
}
📦 [PACKAGE_BUY_CRON] Orders fetched { runId: 'PACKAGE_BUY_CRON_1789201080035', count: 0 }
ℹ️ [PACKAGE_BUY_CRON] No unprocessed paid orders { runId: 'PACKAGE_BUY_CRON_1789201080035' }

⏰ [PACKAGE_BUY_CRON] RUN START {
  runId: 'PACKAGE_BUY_CRON_1789201440094',
  time: '2026-09-12T08:24:00.094Z'
}
📦 [PACKAGE_BUY_CRON] Orders fetched { runId: 'PACKAGE_BUY_CRON_1789201440094', count: 0 }
ℹ️ [PACKAGE_BUY_CRON] No unprocessed paid orders { runId: 'PACKAGE_BUY_CRON_1789201440094' }

⏰ [PACKAGE_BUY_CRON] RUN START {
  runId: 'PACKAGE_BUY_CRON_1789201800081',
  time: '2026-09-12T08:30:00.081Z'
}
📦 [PACKAGE_BUY_CRON] Orders fetched { runId: 'PACKAGE_BUY_CRON_1789201800081', count: 0 }
ℹ️ [PACKAGE_BUY_CRON] No unprocessed paid orders { runId: 'PACKAGE_BUY_CRON_1789201800081' }

⏰ [PACKAGE_BUY_CRON] RUN START {
  runId: 'PACKAGE_BUY_CRON_1789202160046',
  time: '2026-09-12T08:36:00.046Z'
}
📦 [PACKAGE_BUY_CRON] Orders fetched { runId: 'PACKAGE_BUY_CRON_1789202160046', count: 0 }
ℹ️ [PACKAGE_BUY_CRON] No unprocessed paid orders { runId: 'PACKAGE_BUY_CRON_1789202160046' }

⏰ [PACKAGE_BUY_CRON] RUN START {
  runId: 'PACKAGE_BUY_CRON_1789202520063',
  time: '2026-09-12T08:42:00.063Z'
}
📦 [PACKAGE_BUY_CRON] Orders fetched { runId: 'PACKAGE_BUY_CRON_1789202520063', count: 0 }
ℹ️ [PACKAGE_BUY_CRON] No unprocessed paid orders { runId: 'PACKAGE_BUY_CRON_1789202520063' }

⏰ [PACKAGE_BUY_CRON] RUN START {
  runId: 'PACKAGE_BUY_CRON_1789202880040',
  time: '2026-09-12T08:48:00.040Z'
}
📦 [PACKAGE_BUY_CRON] Orders fetched { runId: 'PACKAGE_BUY_CRON_1789202880040', count: 0 }
ℹ️ [PACKAGE_BUY_CRON] No unprocessed paid orders { runId: 'PACKAGE_BUY_CRON_1789202880040' }

⏰ [PACKAGE_BUY_CRON] RUN START {
  runId: 'PACKAGE_BUY_CRON_1789203240029',
  time: '2026-09-12T08:54:00.029Z'
}
📦 [PACKAGE_BUY_CRON] Orders fetched { runId: 'PACKAGE_BUY_CRON_1789203240029', count: 0 }
ℹ️ [PACKAGE_BUY_CRON] No unprocessed paid orders { runId: 'PACKAGE_BUY_CRON_1789203240029' }

⏰ [PACKAGE_BUY_CRON] RUN START {
  runId: 'PACKAGE_BUY_CRON_1789203600073',
  time: '2026-09-12T09:00:00.073Z'
}
📦 [PACKAGE_BUY_CRON] Orders fetched { runId: 'PACKAGE_BUY_CRON_1789203600073', count: 0 }
ℹ️ [PACKAGE_BUY_CRON] No unprocessed paid orders { runId: 'PACKAGE_BUY_CRON_1789203600073' }

⏰ [PACKAGE_BUY_CRON] RUN START {
  runId: 'PACKAGE_BUY_CRON_1789203960082',
  time: '2026-09-12T09:06:00.082Z'
}
📦 [PACKAGE_BUY_CRON] Orders fetched { runId: 'PACKAGE_BUY_CRON_1789203960082', count: 0 }
ℹ️ [PACKAGE_BUY_CRON] No unprocessed paid orders { runId: 'PACKAGE_BUY_CRON_1789203960082' }

⏰ [PACKAGE_BUY_CRON] RUN START {
  runId: 'PACKAGE_BUY_CRON_1789204320026',
  time: '2026-09-12T09:12:00.026Z'
}
📦 [PACKAGE_BUY_CRON] Orders fetched { runId: 'PACKAGE_BUY_CRON_1789204320026', count: 0 }
ℹ️ [PACKAGE_BUY_CRON] No unprocessed paid orders { runId: 'PACKAGE_BUY_CRON_1789204320026' }

⏰ [PACKAGE_BUY_CRON] RUN START {
  runId: 'PACKAGE_BUY_CRON_1789204680018',
  time: '2026-09-12T09:18:00.018Z'
}
📦 [PACKAGE_BUY_CRON] Orders fetched { runId: 'PACKAGE_BUY_CRON_1789204680018', count: 0 }
ℹ️ [PACKAGE_BUY_CRON] No unprocessed paid orders { runId: 'PACKAGE_BUY_CRON_1789204680018' }

⏰ [PACKAGE_BUY_CRON] RUN START {
  runId: 'PACKAGE_BUY_CRON_1789205040026',
  time: '2026-09-12T09:24:00.027Z'
}
📦 [PACKAGE_BUY_CRON] Orders fetched { runId: 'PACKAGE_BUY_CRON_1789205040026', count: 0 }
ℹ️ [PACKAGE_BUY_CRON] No unprocessed paid orders { runId: 'PACKAGE_BUY_CRON_1789205040026' }

⏰ [PACKAGE_BUY_CRON] RUN START {
  runId: 'PACKAGE_BUY_CRON_1789205400049',
  time: '2026-09-12T09:30:00.049Z'
}
📦 [PACKAGE_BUY_CRON] Orders fetched { runId: 'PACKAGE_BUY_CRON_1789205400049', count: 0 }
ℹ️ [PACKAGE_BUY_CRON] No unprocessed paid orders { runId: 'PACKAGE_BUY_CRON_1789205400049' }

⏰ [PACKAGE_BUY_CRON] RUN START {
  runId: 'PACKAGE_BUY_CRON_1789205760020',
  time: '2026-09-12T09:36:00.020Z'
}
📦 [PACKAGE_BUY_CRON] Orders fetched { runId: 'PACKAGE_BUY_CRON_1789205760020', count: 0 }
ℹ️ [PACKAGE_BUY_CRON] No unprocessed paid orders { runId: 'PACKAGE_BUY_CRON_1789205760020' }

⏰ [PACKAGE_BUY_CRON] RUN START {
  runId: 'PACKAGE_BUY_CRON_1789206120021',
  time: '2026-09-12T09:42:00.021Z'
}
📦 [PACKAGE_BUY_CRON] Orders fetched { runId: 'PACKAGE_BUY_CRON_1789206120021', count: 0 }
ℹ️ [PACKAGE_BUY_CRON] No unprocessed paid orders { runId: 'PACKAGE_BUY_CRON_1789206120021' }

⏰ [PACKAGE_BUY_CRON] RUN START {
  runId: 'PACKAGE_BUY_CRON_1789206480030',
  time: '2026-09-12T09:48:00.030Z'
}
📦 [PACKAGE_BUY_CRON] Orders fetched { runId: 'PACKAGE_BUY_CRON_1789206480030', count: 0 }
ℹ️ [PACKAGE_BUY_CRON] No unprocessed paid orders { runId: 'PACKAGE_BUY_CRON_1789206480030' }

⏰ [PACKAGE_BUY_CRON] RUN START {
  runId: 'PACKAGE_BUY_CRON_1789206840032',
  time: '2026-09-12T09:54:00.032Z'
}
📦 [PACKAGE_BUY_CRON] Orders fetched { runId: 'PACKAGE_BUY_CRON_1789206840032', count: 0 }
ℹ️ [PACKAGE_BUY_CRON] No unprocessed paid orders { runId: 'PACKAGE_BUY_CRON_1789206840032' }

⏰ [PACKAGE_BUY_CRON] RUN START {
  runId: 'PACKAGE_BUY_CRON_1789207200041',
  time: '2026-09-12T10:00:00.041Z'
}
📦 [PACKAGE_BUY_CRON] Orders fetched { runId: 'PACKAGE_BUY_CRON_1789207200041', count: 0 }
ℹ️ [PACKAGE_BUY_CRON] No unprocessed paid orders { runId: 'PACKAGE_BUY_CRON_1789207200041' }

⏰ [PACKAGE_BUY_CRON] RUN START {
  runId: 'PACKAGE_BUY_CRON_1789207560019',
  time: '2026-09-12T10:06:00.019Z'
}
📦 [PACKAGE_BUY_CRON] Orders fetched { runId: 'PACKAGE_BUY_CRON_1789207560019', count: 0 }
ℹ️ [PACKAGE_BUY_CRON] No unprocessed paid orders { runId: 'PACKAGE_BUY_CRON_1789207560019' }

⏰ [PACKAGE_BUY_CRON] RUN START {
  runId: 'PACKAGE_BUY_CRON_1789207920020',
  time: '2026-09-12T10:12:00.021Z'
}
📦 [PACKAGE_BUY_CRON] Orders fetched { runId: 'PACKAGE_BUY_CRON_1789207920020', count: 0 }
ℹ️ [PACKAGE_BUY_CRON] No unprocessed paid orders { runId: 'PACKAGE_BUY_CRON_1789207920020' }

⏰ [PACKAGE_BUY_CRON] RUN START {
  runId: 'PACKAGE_BUY_CRON_1789208280025',
  time: '2026-09-12T10:18:00.025Z'
}
📦 [PACKAGE_BUY_CRON] Orders fetched { runId: 'PACKAGE_BUY_CRON_1789208280025', count: 0 }
ℹ️ [PACKAGE_BUY_CRON] No unprocessed paid orders { runId: 'PACKAGE_BUY_CRON_1789208280025' }

⏰ [PACKAGE_BUY_CRON] RUN START {
  runId: 'PACKAGE_BUY_CRON_1789208640023',
  time: '2026-09-12T10:24:00.023Z'
}
📦 [PACKAGE_BUY_CRON] Orders fetched { runId: 'PACKAGE_BUY_CRON_1789208640023', count: 0 }
ℹ️ [PACKAGE_BUY_CRON] No unprocessed paid orders { runId: 'PACKAGE_BUY_CRON_1789208640023' }

⏰ [PACKAGE_BUY_CRON] RUN START {
  runId: 'PACKAGE_BUY_CRON_1789209000038',
  time: '2026-09-12T10:30:00.038Z'
}
📦 [PACKAGE_BUY_CRON] Orders fetched { runId: 'PACKAGE_BUY_CRON_1789209000038', count: 0 }
ℹ️ [PACKAGE_BUY_CRON] No unprocessed paid orders { runId: 'PACKAGE_BUY_CRON_1789209000038' }

⏰ [PACKAGE_BUY_CRON] RUN START {
  runId: 'PACKAGE_BUY_CRON_1789209360017',
  time: '2026-09-12T10:36:00.017Z'
}
📦 [PACKAGE_BUY_CRON] Orders fetched { runId: 'PACKAGE_BUY_CRON_1789209360017', count: 0 }
ℹ️ [PACKAGE_BUY_CRON] No unprocessed paid orders { runId: 'PACKAGE_BUY_CRON_1789209360017' }

⏰ [PACKAGE_BUY_CRON] RUN START {
  runId: 'PACKAGE_BUY_CRON_1789209720030',
  time: '2026-09-12T10:42:00.030Z'
}
📦 [PACKAGE_BUY_CRON] Orders fetched { runId: 'PACKAGE_BUY_CRON_1789209720030', count: 0 }
ℹ️ [PACKAGE_BUY_CRON] No unprocessed paid orders { runId: 'PACKAGE_BUY_CRON_1789209720030' }

⏰ [PACKAGE_BUY_CRON] RUN START {
  runId: 'PACKAGE_BUY_CRON_1789210080027',
  time: '2026-09-12T10:48:00.028Z'
}
📦 [PACKAGE_BUY_CRON] Orders fetched { runId: 'PACKAGE_BUY_CRON_1789210080027', count: 0 }
ℹ️ [PACKAGE_BUY_CRON] No unprocessed paid orders { runId: 'PACKAGE_BUY_CRON_1789210080027' }

⏰ [PACKAGE_BUY_CRON] RUN START {
  runId: 'PACKAGE_BUY_CRON_1789210440028',
  time: '2026-09-12T10:54:00.028Z'
}
📦 [PACKAGE_BUY_CRON] Orders fetched { runId: 'PACKAGE_BUY_CRON_1789210440028', count: 0 }
ℹ️ [PACKAGE_BUY_CRON] No unprocessed paid orders { runId: 'PACKAGE_BUY_CRON_1789210440028' }

⏰ [PACKAGE_BUY_CRON] RUN START {
  runId: 'PACKAGE_BUY_CRON_1789210800017',
  time: '2026-09-12T11:00:00.017Z'
}
📦 [PACKAGE_BUY_CRON] Orders fetched { runId: 'PACKAGE_BUY_CRON_1789210800017', count: 0 }
ℹ️ [PACKAGE_BUY_CRON] No unprocessed paid orders { runId: 'PACKAGE_BUY_CRON_1789210800017' }

⏰ [PACKAGE_BUY_CRON] RUN START {
  runId: 'PACKAGE_BUY_CRON_1789211160024',
  time: '2026-09-12T11:06:00.024Z'
}
📦 [PACKAGE_BUY_CRON] Orders fetched { runId: 'PACKAGE_BUY_CRON_1789211160024', count: 0 }
ℹ️ [PACKAGE_BUY_CRON] No unprocessed paid orders { runId: 'PACKAGE_BUY_CRON_1789211160024' }

⏰ [PACKAGE_BUY_CRON] RUN START {
  runId: 'PACKAGE_BUY_CRON_1789211520059',
  time: '2026-09-12T11:12:00.059Z'
}
📦 [PACKAGE_BUY_CRON] Orders fetched { runId: 'PACKAGE_BUY_CRON_1789211520059', count: 0 }
ℹ️ [PACKAGE_BUY_CRON] No unprocessed paid orders { runId: 'PACKAGE_BUY_CRON_1789211520059' }

⏰ [PACKAGE_BUY_CRON] RUN START {
  runId: 'PACKAGE_BUY_CRON_1789211880026',
  time: '2026-09-12T11:18:00.026Z'
}
📦 [PACKAGE_BUY_CRON] Orders fetched { runId: 'PACKAGE_BUY_CRON_1789211880026', count: 0 }
ℹ️ [PACKAGE_BUY_CRON] No unprocessed paid orders { runId: 'PACKAGE_BUY_CRON_1789211880026' }

⏰ [PACKAGE_BUY_CRON] RUN START {
  runId: 'PACKAGE_BUY_CRON_1789212240025',
  time: '2026-09-12T11:24:00.026Z'
}
📦 [PACKAGE_BUY_CRON] Orders fetched { runId: 'PACKAGE_BUY_CRON_1789212240025', count: 0 }
ℹ️ [PACKAGE_BUY_CRON] No unprocessed paid orders { runId: 'PACKAGE_BUY_CRON_1789212240025' }

⏰ [PACKAGE_BUY_CRON] RUN START {
  runId: 'PACKAGE_BUY_CRON_1789212600041',
  time: '2026-09-12T11:30:00.041Z'
}
📦 [PACKAGE_BUY_CRON] Orders fetched { runId: 'PACKAGE_BUY_CRON_1789212600041', count: 0 }
ℹ️ [PACKAGE_BUY_CRON] No unprocessed paid orders { runId: 'PACKAGE_BUY_CRON_1789212600041' }

⏰ [PACKAGE_BUY_CRON] RUN START {
  runId: 'PACKAGE_BUY_CRON_1789212960025',
  time: '2026-09-12T11:36:00.025Z'
}
📦 [PACKAGE_BUY_CRON] Orders fetched { runId: 'PACKAGE_BUY_CRON_1789212960025', count: 0 }
ℹ️ [PACKAGE_BUY_CRON] No unprocessed paid orders { runId: 'PACKAGE_BUY_CRON_1789212960025' }

⏰ [PACKAGE_BUY_CRON] RUN START {
  runId: 'PACKAGE_BUY_CRON_1789213320022',
  time: '2026-09-12T11:42:00.022Z'
}
📦 [PACKAGE_BUY_CRON] Orders fetched { runId: 'PACKAGE_BUY_CRON_1789213320022', count: 0 }
ℹ️ [PACKAGE_BUY_CRON] No unprocessed paid orders { runId: 'PACKAGE_BUY_CRON_1789213320022' }

⏰ [PACKAGE_BUY_CRON] RUN START {
  runId: 'PACKAGE_BUY_CRON_1789213680021',
  time: '2026-09-12T11:48:00.021Z'
}
📦 [PACKAGE_BUY_CRON] Orders fetched { runId: 'PACKAGE_BUY_CRON_1789213680021', count: 0 }
ℹ️ [PACKAGE_BUY_CRON] No unprocessed paid orders { runId: 'PACKAGE_BUY_CRON_1789213680021' }

⏰ [PACKAGE_BUY_CRON] RUN START {
  runId: 'PACKAGE_BUY_CRON_1789214040018',
  time: '2026-09-12T11:54:00.018Z'
}
📦 [PACKAGE_BUY_CRON] Orders fetched { runId: 'PACKAGE_BUY_CRON_1789214040018', count: 0 }
ℹ️ [PACKAGE_BUY_CRON] No unprocessed paid orders { runId: 'PACKAGE_BUY_CRON_1789214040018' }

⏰ [PACKAGE_BUY_CRON] RUN START {
  runId: 'PACKAGE_BUY_CRON_1789214400079',
  time: '2026-09-12T12:00:00.080Z'
}
📦 [PACKAGE_BUY_CRON] Orders fetched { runId: 'PACKAGE_BUY_CRON_1789214400079', count: 0 }
ℹ️ [PACKAGE_BUY_CRON] No unprocessed paid orders { runId: 'PACKAGE_BUY_CRON_1789214400079' }

⏰ [PACKAGE_BUY_CRON] RUN START {
  runId: 'PACKAGE_BUY_CRON_1789214760030',
  time: '2026-09-12T12:06:00.030Z'
}
📦 [PACKAGE_BUY_CRON] Orders fetched { runId: 'PACKAGE_BUY_CRON_1789214760030', count: 0 }
ℹ️ [PACKAGE_BUY_CRON] No unprocessed paid orders { runId: 'PACKAGE_BUY_CRON_1789214760030' }

⏰ [PACKAGE_BUY_CRON] RUN START {
  runId: 'PACKAGE_BUY_CRON_1789215120031',
  time: '2026-09-12T12:12:00.031Z'
}
📦 [PACKAGE_BUY_CRON] Orders fetched { runId: 'PACKAGE_BUY_CRON_1789215120031', count: 0 }
ℹ️ [PACKAGE_BUY_CRON] No unprocessed paid orders { runId: 'PACKAGE_BUY_CRON_1789215120031' }

⏰ [PACKAGE_BUY_CRON] RUN START {
  runId: 'PACKAGE_BUY_CRON_1789215480028',
  time: '2026-09-12T12:18:00.053Z'
}
📦 [PACKAGE_BUY_CRON] Orders fetched { runId: 'PACKAGE_BUY_CRON_1789215480028', count: 0 }
ℹ️ [PACKAGE_BUY_CRON] No unprocessed paid orders { runId: 'PACKAGE_BUY_CRON_1789215480028' }
